
Optional file libmchp_peripheral.a not found

Optional file libmchp_peripheral_32MX170F256B.a not found
Archive member included because of file (symbol)

/opt/microchip/xc32/v2.30/bin/bin/../../lib/gcc/pic32mx/4.8.3/libgcc.a(floatunsisf.o)
                              build/default/production/_ext/1360937237/main.o (__floatunsisf)
/opt/microchip/xc32/v2.30/bin/bin/../../lib/gcc/pic32mx/4.8.3/../../../../pic32mx/lib/libpic32.a(default-bootstrap-exception-handler.o)
                              /tmp/ccvZnTtt.o (_bootstrap_exception_handler)
/opt/microchip/xc32/v2.30/bin/bin/../../lib/gcc/pic32mx/4.8.3/../../../../pic32mx/lib/libpic32.a(default-on-reset.o)
                              /tmp/ccvZnTtt.o (_on_reset)
/opt/microchip/xc32/v2.30/bin/bin/../../lib/gcc/pic32mx/4.8.3/../../../../pic32mx/lib/libpic32.a(default-on-bootstrap.o)
                              /tmp/ccvZnTtt.o (_on_bootstrap)
/opt/microchip/xc32/v2.30/bin/bin/../../lib/gcc/pic32mx/4.8.3/../../../../pic32mx/lib/libpic32.a(default-nmi-handler.o)
                              /tmp/ccvZnTtt.o (_nmi_handler)
/opt/microchip/xc32/v2.30/bin/bin/../../lib/gcc/pic32mx/4.8.3/../../../../pic32mx/lib/libpic32.a(pic32_data_init.o)
                              /tmp/ccvZnTtt.o (__pic32_data_init)
/opt/microchip/xc32/v2.30/bin/bin/../../lib/gcc/pic32mx/4.8.3/../../../../pic32mx/lib/libpic32.a(general-exception.o)
                              /tmp/ccvZnTtt.o (_general_exception_context)
/opt/microchip/xc32/v2.30/bin/bin/../../lib/gcc/pic32mx/4.8.3/../../../../pic32mx/lib/libpic32.a(vector0.o)
                              /tmp/cc31M1ZW.o (__vector_dispatch_0)
/opt/microchip/xc32/v2.30/bin/bin/../../lib/gcc/pic32mx/4.8.3/../../../../pic32mx/lib/libpic32.a(vector1.o)
                              /tmp/cc31M1ZW.o (__vector_dispatch_1)
/opt/microchip/xc32/v2.30/bin/bin/../../lib/gcc/pic32mx/4.8.3/../../../../pic32mx/lib/libpic32.a(vector2.o)
                              /tmp/cc31M1ZW.o (__vector_dispatch_2)
/opt/microchip/xc32/v2.30/bin/bin/../../lib/gcc/pic32mx/4.8.3/../../../../pic32mx/lib/libpic32.a(vector3.o)
                              /tmp/cc31M1ZW.o (__vector_dispatch_3)
/opt/microchip/xc32/v2.30/bin/bin/../../lib/gcc/pic32mx/4.8.3/../../../../pic32mx/lib/libpic32.a(vector4.o)
                              /tmp/cc31M1ZW.o (__vector_dispatch_4)
/opt/microchip/xc32/v2.30/bin/bin/../../lib/gcc/pic32mx/4.8.3/../../../../pic32mx/lib/libpic32.a(vector5.o)
                              /tmp/cc31M1ZW.o (__vector_dispatch_5)
/opt/microchip/xc32/v2.30/bin/bin/../../lib/gcc/pic32mx/4.8.3/../../../../pic32mx/lib/libpic32.a(vector6.o)
                              /tmp/cc31M1ZW.o (__vector_dispatch_6)
/opt/microchip/xc32/v2.30/bin/bin/../../lib/gcc/pic32mx/4.8.3/../../../../pic32mx/lib/libpic32.a(vector7.o)
                              /tmp/cc31M1ZW.o (__vector_dispatch_7)
/opt/microchip/xc32/v2.30/bin/bin/../../lib/gcc/pic32mx/4.8.3/../../../../pic32mx/lib/libpic32.a(vector8.o)
                              /tmp/cc31M1ZW.o (__vector_dispatch_8)
/opt/microchip/xc32/v2.30/bin/bin/../../lib/gcc/pic32mx/4.8.3/../../../../pic32mx/lib/libpic32.a(vector9.o)
                              /tmp/cc31M1ZW.o (__vector_dispatch_9)
/opt/microchip/xc32/v2.30/bin/bin/../../lib/gcc/pic32mx/4.8.3/../../../../pic32mx/lib/libpic32.a(vector10.o)
                              /tmp/cc31M1ZW.o (__vector_dispatch_10)
/opt/microchip/xc32/v2.30/bin/bin/../../lib/gcc/pic32mx/4.8.3/../../../../pic32mx/lib/libpic32.a(vector11.o)
                              /tmp/cc31M1ZW.o (__vector_dispatch_11)
/opt/microchip/xc32/v2.30/bin/bin/../../lib/gcc/pic32mx/4.8.3/../../../../pic32mx/lib/libpic32.a(vector12.o)
                              /tmp/cc31M1ZW.o (__vector_dispatch_12)
/opt/microchip/xc32/v2.30/bin/bin/../../lib/gcc/pic32mx/4.8.3/../../../../pic32mx/lib/libpic32.a(vector13.o)
                              /tmp/cc31M1ZW.o (__vector_dispatch_13)
/opt/microchip/xc32/v2.30/bin/bin/../../lib/gcc/pic32mx/4.8.3/../../../../pic32mx/lib/libpic32.a(vector14.o)
                              /tmp/cc31M1ZW.o (__vector_dispatch_14)
/opt/microchip/xc32/v2.30/bin/bin/../../lib/gcc/pic32mx/4.8.3/../../../../pic32mx/lib/libpic32.a(vector15.o)
                              /tmp/cc31M1ZW.o (__vector_dispatch_15)
/opt/microchip/xc32/v2.30/bin/bin/../../lib/gcc/pic32mx/4.8.3/../../../../pic32mx/lib/libpic32.a(vector16.o)
                              /tmp/cc31M1ZW.o (__vector_dispatch_16)
/opt/microchip/xc32/v2.30/bin/bin/../../lib/gcc/pic32mx/4.8.3/../../../../pic32mx/lib/libpic32.a(vector17.o)
                              /tmp/cc31M1ZW.o (__vector_dispatch_17)
/opt/microchip/xc32/v2.30/bin/bin/../../lib/gcc/pic32mx/4.8.3/../../../../pic32mx/lib/libpic32.a(vector18.o)
                              /tmp/cc31M1ZW.o (__vector_dispatch_18)
/opt/microchip/xc32/v2.30/bin/bin/../../lib/gcc/pic32mx/4.8.3/../../../../pic32mx/lib/libpic32.a(vector19.o)
[...]
Memory Configuration

Name             Origin             Length             Attributes
kseg0_program_mem 0x9d000000         0x0003f000         xr
exception_mem    0x9d03f000         0x00001000
debug_exec_mem   0x9fc00490         0x00000760
kseg0_boot_mem   0x9fc00490         0x00000000
kseg1_boot_mem   0xbfc00000         0x00000490
config3          0xbfc00bf0         0x00000004
config2          0xbfc00bf4         0x00000004
config1          0xbfc00bf8         0x00000004
config0          0xbfc00bfc         0x00000004
kseg1_data_mem   0xa0000000         0x00010000         w !x
sfrs             0xbf800000         0x00100000
configsfrs       0xbfc00bf0         0x00000010
*default*        0x00000000         0xffffffff

Linker script and memory map

LOAD /opt/microchip/xc32/v2.30/bin/bin/../../lib/gcc/pic32mx/4.8.3/../../../../pic32mx/lib/debug-exception-return.o
LOAD build/default/production/_ext/1360937237/main.o
LOAD build/default/production/_ext/1360937237/ili9341.o
LOAD build/default/production/_ext/1360937237/init.o
LOAD build/default/production/_ext/1360937237/adc.o
LOAD build/default/production/_ext/1360937237/uart.o
                0x00000001                __MPLAB_BUILD = 0x1
LOAD /tmp/ccvZnTtt.o
LOAD /tmp/ccN29aGc.o
LOAD /tmp/cc31M1ZW.o
LOAD /opt/microchip/xc32/v2.30/bin/bin/../../lib/gcc/pic32mx/4.8.3/../../../../pic32mx/lib/pic32_software_reset.o
                0x00000400                PROVIDE (_min_stack_size, 0x400)
START GROUP
LOAD /opt/microchip/xc32/v2.30/bin/bin/../../lib/gcc/pic32mx/4.8.3/../../../../pic32mx/lib/./proc/32MX170F256B/processor.o
END GROUP
START GROUP
LOAD libmchp_peripheral.a
END GROUP
START GROUP
LOAD libmchp_peripheral_32MX170F256B.a
END GROUP
                0x00000001                PROVIDE (_vector_spacing, 0x1)
                0x9d03f000                PROVIDE (_ebase_address, 0x9d03f000)
                0xbfc00000                _RESET_ADDR = 0xbfc00000
                0xbfc00380                _BEV_EXCPT_ADDR = 0xbfc00380
                0xbfc00480                _DBG_EXCPT_ADDR = 0xbfc00480
                0x9fc00490                _DBG_CODE_ADDR = 0x9fc00490
                0x00000760                _DBG_CODE_SIZE = 0x760
                0x9d03f180                _GEN_EXCPT_ADDR = (_ebase_address + 0x180)

.config_BFC00BF0
                0xbfc00bf0        0x4
 *(.config_BFC00BF0)
 .config_BFC00BF0
                0xbfc00bf0        0x4 build/default/production/_ext/1360937237/init.o

.config_BFC00BF4
                0xbfc00bf4        0x4
 *(.config_BFC00BF4)
 .config_BFC00BF4
                0xbfc00bf4        0x4 build/default/production/_ext/1360937237/init.o

.config_BFC00BF8
                0xbfc00bf8        0x4
 *(.config_BFC00BF8)
 .config_BFC00BF8
                0xbfc00bf8        0x4 build/default/production/_ext/1360937237/init.o

.config_BFC00BFC
                0xbfc00bfc        0x4
 *(.config_BFC00BFC)
 .config_BFC00BFC
                0xbfc00bfc        0x4 build/default/production/_ext/1360937237/init.o
                0xbfc02000                PROVIDE (_DBG_CODE_ADDR, 0xbfc02000)
                0x00000ff0                PROVIDE (_DBG_CODE_SIZE, 0xff0)

.reset          0xbfc00000      0x178
 *(.reset)
 .reset         0xbfc00000        0x8 /tmp/ccvZnTtt.o
                0xbfc00000                _reset
 *(.reset.startup)
 .reset.startup
                0xbfc00008      0x170 /tmp/ccvZnTtt.o
                0xbfc00008                _startup

.bev_excpt      0xbfc00380       0x10
 *(.bev_handler)
 .bev_handler   0xbfc00380       0x10 /tmp/ccvZnTtt.o

.dbg_excpt      0xbfc00480        0x0
                0xbfc00480                . = (. + DEFINED (_DEBUGGER)?0x8:0x0)

.dbg_code       0x9fc00490        0x0
                0x9fc00490                . = (. + DEFINED (_DEBUGGER)?_DBG_CODE_SIZE:0x0)

.app_excpt      0x9d03f180       0x10
 *(.gen_handler)
 .gen_handler   0x9d03f180       0x10 /tmp/ccvZnTtt.o

.vector_0       0x9d03f200        0x8
 *(.vector_0)
 .vector_0      0x9d03f200        0x8 /opt/microchip/xc32/v2.30/bin/bin/../../lib/gcc/pic32mx/4.8.3/../../../../pic32mx/lib/libpic32.a(vector0.o)
                0x9d03f200                __vector_dispatch_0
                0x00000001                ASSERT (((_vector_spacing == 0x0) || (SIZEOF (.vector_0) <= (_vector_spacing << 0x5))), function at exception vector 0 too large)

.vector_1       0x9d03f220        0x8
 *(.vector_1)
 .vector_1      0x9d03f220        0x8 /opt/microchip/xc32/v2.30/bin/bin/../../lib/gcc/pic32mx/4.8.3/../../../../pic32mx/lib/libpic32.a(vector1.o)
                0x9d03f220                __vector_dispatch_1
                0x00000001                ASSERT (((_vector_spacing == 0x0) || (SIZEOF (.vector_1) <= (_vector_spacing << 0x5))), function at exception vector 1 too large)

.vector_2       0x9d03f240        0x8
 *(.vector_2)
 .vector_2      0x9d03f240        0x8 /opt/microchip/xc32/v2.30/bin/bin/../../lib/gcc/pic32mx/4.8.3/../../../../pic32mx/lib/libpic32.a(vector2.o)
                0x9d03f240                __vector_dispatch_2
                0x00000001                ASSERT (((_vector_spacing == 0x0) || (SIZEOF (.vector_2) <= (_vector_spacing << 0x5))), function at exception vector 2 too large)

.vector_3       0x9d03f260        0x8
 *(.vector_3)
 .vector_3      0x9d03f260        0x8 /opt/microchip/xc32/v2.30/bin/bin/../../lib/gcc/pic32mx/4.8.3/../../../../pic32mx/lib/libpic32.a(vector3.o)
                0x9d03f260                __vector_dispatch_3
                0x00000001                ASSERT (((_vector_spacing == 0x0) || (SIZEOF (.vector_3) <= (_vector_spacing << 0x5))), function at exception vector 3 too large)

.vector_4       0x9d03f280        0x8
 *(.vector_4)
 .vector_4      0x9d03f280        0x8 /opt/microchip/xc32/v2.30/bin/bin/../../lib/gcc/pic32mx/4.8.3/../../../../pic32mx/lib/libpic32.a(vector4.o)
                0x9d03f280                __vector_dispatch_4
                0x00000001                ASSERT (((_vector_spacing == 0x0) || (SIZEOF (.vector_4) <= (_vector_spacing << 0x5))), function at exception vector 4 too large)

.vector_5       0x9d03f2a0        0x8
 *(.vector_5)
 .vector_5      0x9d03f2a0        0x8 /opt/microchip/xc32/v2.30/bin/bin/../../lib/gcc/pic32mx/4.8.3/../../../../pic32mx/lib/libpic32.a(vector5.o)
                0x9d03f2a0                __vector_dispatch_5
                0x00000001                ASSERT (((_vector_spacing == 0x0) || (SIZEOF (.vector_5) <= (_vector_spacing << 0x5))), function at exception vector 5 too large)

.vector_6       0x9d03f2c0        0x8
 *(.vector_6)
 .vector_6      0x9d03f2c0        0x8 /opt/microchip/xc32/v2.30/bin/bin/../../lib/gcc/pic32mx/4.8.3/../../../../pic32mx/lib/libpic32.a(vector6.o)
                0x9d03f2c0                __vector_dispatch_6
                0x00000001                ASSERT (((_vector_spacing == 0x0) || (SIZEOF (.vector_6) <= (_vector_spacing << 0x5))), function at exception vector 6 too large)

.vector_7       0x9d03f2e0        0x8
 *(.vector_7)
 .vector_7      0x9d03f2e0        0x8 /opt/microchip/xc32/v2.30/bin/bin/../../lib/gcc/pic32mx/4.8.3/../../../../pic32mx/lib/libpic32.a(vector7.o)
                0x9d03f2e0                __vector_dispatch_7
                0x00000001                ASSERT (((_vector_spacing == 0x0) || (SIZEOF (.vector_7) <= (_vector_spacing << 0x5))), function at exception vector 7 too large)

.vector_8       0x9d03f300        0x8
 *(.vector_8)
 .vector_8      0x9d03f300        0x8 /opt/microchip/xc32/v2.30/bin/bin/../../lib/gcc/pic32mx/4.8.3/../../../../pic32mx/lib/libpic32.a(vector8.o)
                0x9d03f300                __vector_dispatch_8
                0x00000001                ASSERT (((_vector_spacing == 0x0) || (SIZEOF (.vector_8) <= (_vector_spacing << 0x5))), function at exception vector 8 too large)

.vector_9       0x9d03f320        0x8
 *(.vector_9)
 .vector_9      0x9d03f320        0x8 /opt/microchip/xc32/v2.30/bin/bin/../../lib/gcc/pic32mx/4.8.3/../../../../pic32mx/lib/libpic32.a(vector9.o)
                0x9d03f320                __vector_dispatch_9
                0x00000001                ASSERT (((_vector_spacing == 0x0) || (SIZEOF (.vector_9) <= (_vector_spacing << 0x5))), function at exception vector 9 too large)

.vector_10      0x9d03f340        0x8
 *(.vector_10)
 .vector_10     0x9d03f340        0x8 /opt/microchip/xc32/v2.30/bin/bin/../../lib/gcc/pic32mx/4.8.3/../../../../pic32mx/lib/libpic32.a(vector10.o)
                0x9d03f340                __vector_dispatch_10
                0x00000001                ASSERT (((_vector_spacing == 0x0) || (SIZEOF (.vector_10) <= (_vector_spacing << 0x5))), function at exception vector 10 too large)

.vector_11      0x9d03f360        0x8
 *(.vector_11)
 .vector_11     0x9d03f360        0x8 /opt/microchip/xc32/v2.30/bin/bin/../../lib/gcc/pic32mx/4.8.3/../../../../pic32mx/lib/libpic32.a(vector11.o)
                0x9d03f360                __vector_dispatch_11
                0x00000001                ASSERT (((_vector_spacing == 0x0) || (SIZEOF (.vector_11) <= (_vector_spacing << 0x5))), function at exception vector 11 too large)

.vector_12      0x9d03f380        0x8
 *(.vector_12)
 .vector_12     0x9d03f380        0x8 /opt/microchip/xc32/v2.30/bin/bin/../../lib/gcc/pic32mx/4.8.3/../../../../pic32mx/lib/libpic32.a(vector12.o)
                0x9d03f380                __vector_dispatch_12
                0x00000001                ASSERT (((_vector_spacing == 0x0) || (SIZEOF (.vector_12) <= (_vector_spacing << 0x5))), function at exception vector 12 too large)

.vector_13      0x9d03f3a0        0x8
 *(.vector_13)
 .vector_13     0x9d03f3a0        0x8 /opt/microchip/xc32/v2.30/bin/bin/../../lib/gcc/pic32mx/4.8.3/../../../../pic32mx/lib/libpic32.a(vector13.o)
                0x9d03f3a0                __vector_dispatch_13
                0x00000001                ASSERT (((_vector_spacing == 0x0) || (SIZEOF (.vector_13) <= (_vector_spacing << 0x5))), function at exception vector 13 too large)

.vector_14      0x9d03f3c0        0x8
 *(.vector_14)
 .vector_14     0x9d03f3c0        0x8 /opt/microchip/xc32/v2.30/bin/bin/../../lib/gcc/pic32mx/4.8.3/../../../../pic32mx/lib/libpic32.a(vector14.o)
                0x9d03f3c0                __vector_dispatch_14
                0x00000001                ASSERT (((_vector_spacing == 0x0) || (SIZEOF (.vector_14) <= (_vector_spacing << 0x5))), function at exception vector 14 too large)

.vector_15      0x9d03f3e0        0x8
 *(.vector_15)
 .vector_15     0x9d03f3e0        0x8 /opt/microchip/xc32/v2.30/bin/bin/../../lib/gcc/pic32mx/4.8.3/../../../../pic32mx/lib/libpic32.a(vector15.o)
                0x9d03f3e0                __vector_dispatch_15
                0x00000001                ASSERT (((_vector_spacing == 0x0) || (SIZEOF (.vector_15) <= (_vector_spacing << 0x5))), function at exception vector 15 too large)

.vector_16      0x9d03f400        0x8
 *(.vector_16)
 .vector_16     0x9d03f400        0x8 /opt/microchip/xc32/v2.30/bin/bin/../../lib/gcc/pic32mx/4.8.3/../../../../pic32mx/lib/libpic32.a(vector16.o)
                0x9d03f400                __vector_dispatch_16
                0x00000001                ASSERT (((_vector_spacing == 0x0) || (SIZEOF (.vector_16) <= (_vector_spacing << 0x5))), function at exception vector 16 too large)

.vector_17      0x9d03f420        0x8
 *(.vector_17)
 .vector_17     0x9d03f420        0x8 /opt/microchip/xc32/v2.30/bin/bin/../../lib/gcc/pic32mx/4.8.3/../../../../pic32mx/lib/libpic32.a(vector17.o)
                0x9d03f420                __vector_dispatch_17
                0x00000001                ASSERT (((_vector_spacing == 0x0) || (SIZEOF (.vector_17) <= (_vector_spacing << 0x5))), function at exception vector 17 too large)

.vector_18      0x9d03f440        0x8
 *(.vector_18)
 .vector_18     0x9d03f440        0x8 /opt/microchip/xc32/v2.30/bin/bin/../../lib/gcc/pic32mx/4.8.3/../../../../pic32mx/lib/libpic32.a(vector18.o)
                0x9d03f440                __vector_dispatch_18
                0x00000001                ASSERT (((_vector_spacing == 0x0) || (SIZEOF (.vector_18) <= (_vector_spacing << 0x5))), function at exception vector 18 too large)

.vector_19      0x9d03f460        0x8
 *(.vector_19)
 .vector_19     0x9d03f460        0x8 /opt/microchip/xc32/v2.30/bin/bin/../../lib/gcc/pic32mx/4.8.3/../../../../pic32mx/lib/libpic32.a(vector19.o)
                0x9d03f460                __vector_dispatch_19
                0x00000001                ASSERT (((_vector_spacing == 0x0) || (SIZEOF (.vector_19) <= (_vector_spacing << 0x5))), function at exception vector 19 too large)

.vector_20      0x9d03f480        0x8
 *(.vector_20)
 .vector_20     0x9d03f480        0x8 /opt/microchip/xc32/v2.30/bin/bin/../../lib/gcc/pic32mx/4.8.3/../../../../pic32mx/lib/libpic32.a(vector20.o)
                0x9d03f480                __vector_dispatch_20
                0x00000001                ASSERT (((_vector_spacing == 0x0) || (SIZEOF (.vector_20) <= (_vector_spacing << 0x5))), function at exception vector 20 too large)

.vector_21      0x9d03f4a0        0x8
 *(.vector_21)
 .vector_21     0x9d03f4a0        0x8 /opt/microchip/xc32/v2.30/bin/bin/../../lib/gcc/pic32mx/4.8.3/../../../../pic32mx/lib/libpic32.a(vector21.o)
                0x9d03f4a0                __vector_dispatch_21
                0x00000001                ASSERT (((_vector_spacing == 0x0) || (SIZEOF (.vector_21) <= (_vector_spacing << 0x5))), function at exception vector 21 too large)

.vector_22      0x9d03f4c0        0x8
 *(.vector_22)
 .vector_22     0x9d03f4c0        0x8 /opt/microchip/xc32/v2.30/bin/bin/../../lib/gcc/pic32mx/4.8.3/../../../../pic32mx/lib/libpic32.a(vector22.o)
                0x9d03f4c0                __vector_dispatch_22
                0x00000001                ASSERT (((_vector_spacing == 0x0) || (SIZEOF (.vector_22) <= (_vector_spacing << 0x5))), function at exception vector 22 too large)

.vector_23      0x9d03f4e0        0x8
 *(.vector_23)
 .vector_23     0x9d03f4e0        0x8 /opt/microchip/xc32/v2.30/bin/bin/../../lib/gcc/pic32mx/4.8.3/../../../../pic32mx/lib/libpic32.a(vector23.o)
                0x9d03f4e0                __vector_dispatch_23
                0x00000001                ASSERT (((_vector_spacing == 0x0) || (SIZEOF (.vector_23) <= (_vector_spacing << 0x5))), function at exception vector 23 too large)

.vector_24      0x9d03f500        0x8
 *(.vector_24)
 .vector_24     0x9d03f500        0x8 /opt/microchip/xc32/v2.30/bin/bin/../../lib/gcc/pic32mx/4.8.3/../../../../pic32mx/lib/libpic32.a(vector24.o)
                0x9d03f500                __vector_dispatch_24
                0x00000001                ASSERT (((_vector_spacing == 0x0) || (SIZEOF (.vector_24) <= (_vector_spacing << 0x5))), function at exception vector 24 too large)

.vector_25      0x9d03f520        0x8
 *(.vector_25)
 .vector_25     0x9d03f520        0x8 /opt/microchip/xc32/v2.30/bin/bin/../../lib/gcc/pic32mx/4.8.3/../../../../pic32mx/lib/libpic32.a(vector25.o)
                0x9d03f520                __vector_dispatch_25
                0x00000001                ASSERT (((_vector_spacing == 0x0) || (SIZEOF (.vector_25) <= (_vector_spacing << 0x5))), function at exception vector 25 too large)

.vector_26      0x9d03f540        0x8
 *(.vector_26)
 .vector_26     0x9d03f540        0x8 /opt/microchip/xc32/v2.30/bin/bin/../../lib/gcc/pic32mx/4.8.3/../../../../pic32mx/lib/libpic32.a(vector26.o)
                0x9d03f540                __vector_dispatch_26
                0x00000001                ASSERT (((_vector_spacing == 0x0) || (SIZEOF (.vector_26) <= (_vector_spacing << 0x5))), function at exception vector 26 too large)

.vector_27      0x9d03f560        0x8
 *(.vector_27)
 .vector_27     0x9d03f560        0x8 /opt/microchip/xc32/v2.30/bin/bin/../../lib/gcc/pic32mx/4.8.3/../../../../pic32mx/lib/libpic32.a(vector27.o)
                0x9d03f560                __vector_dispatch_27
                0x00000001                ASSERT (((_vector_spacing == 0x0) || (SIZEOF (.vector_27) <= (_vector_spacing << 0x5))), function at exception vector 27 too large)

.vector_28      0x9d03f580        0x8
 *(.vector_28)
 .vector_28     0x9d03f580        0x8 /opt/microchip/xc32/v2.30/bin/bin/../../lib/gcc/pic32mx/4.8.3/../../../../pic32mx/lib/libpic32.a(vector28.o)
                0x9d03f580                __vector_dispatch_28
                0x00000001                ASSERT (((_vector_spacing == 0x0) || (SIZEOF (.vector_28) <= (_vector_spacing << 0x5))), function at exception vector 28 too large)

.vector_29      0x9d03f5a0        0x8
 *(.vector_29)
 .vector_29     0x9d03f5a0        0x8 /opt/microchip/xc32/v2.30/bin/bin/../../lib/gcc/pic32mx/4.8.3/../../../../pic32mx/lib/libpic32.a(vector29.o)
                0x9d03f5a0                __vector_dispatch_29
                0x00000001                ASSERT (((_vector_spacing == 0x0) || (SIZEOF (.vector_29) <= (_vector_spacing << 0x5))), function at exception vector 29 too large)

.vector_30      0x9d03f5c0        0x8
 *(.vector_30)
 .vector_30     0x9d03f5c0        0x8 /opt/microchip/xc32/v2.30/bin/bin/../../lib/gcc/pic32mx/4.8.3/../../../../pic32mx/lib/libpic32.a(vector30.o)
                0x9d03f5c0                __vector_dispatch_30
                0x00000001                ASSERT (((_vector_spacing == 0x0) || (SIZEOF (.vector_30) <= (_vector_spacing << 0x5))), function at exception vector 30 too large)

.vector_31      0x9d03f5e0        0x8
 *(.vector_31)
 .vector_31     0x9d03f5e0        0x8 /opt/microchip/xc32/v2.30/bin/bin/../../lib/gcc/pic32mx/4.8.3/../../../../pic32mx/lib/libpic32.a(vector31.o)
                0x9d03f5e0                __vector_dispatch_31
                0x00000001                ASSERT (((_vector_spacing == 0x0) || (SIZEOF (.vector_31) <= (_vector_spacing << 0x5))), function at exception vector 31 too large)

.vector_32      0x9d03f600        0x8
 *(.vector_32)
 .vector_32     0x9d03f600        0x8 /opt/microchip/xc32/v2.30/bin/bin/../../lib/gcc/pic32mx/4.8.3/../../../../pic32mx/lib/libpic32.a(vector32.o)
                0x9d03f600                __vector_dispatch_32
                0x00000001                ASSERT (((_vector_spacing == 0x0) || (SIZEOF (.vector_32) <= (_vector_spacing << 0x5))), function at exception vector 32 too large)

.vector_33      0x9d03f620        0x8
 *(.vector_33)
 .vector_33     0x9d03f620        0x8 /opt/microchip/xc32/v2.30/bin/bin/../../lib/gcc/pic32mx/4.8.3/../../../../pic32mx/lib/libpic32.a(vector33.o)
                0x9d03f620                __vector_dispatch_33
                0x00000001                ASSERT (((_vector_spacing == 0x0) || (SIZEOF (.vector_33) <= (_vector_spacing << 0x5))), function at exception vector 33 too large)

.vector_34      0x9d03f640        0x8
 *(.vector_34)
 .vector_34     0x9d03f640        0x8 /opt/microchip/xc32/v2.30/bin/bin/../../lib/gcc/pic32mx/4.8.3/../../../../pic32mx/lib/libpic32.a(vector34.o)
                0x9d03f640                __vector_dispatch_34
                0x00000001                ASSERT (((_vector_spacing == 0x0) || (SIZEOF (.vector_34) <= (_vector_spacing << 0x5))), function at exception vector 34 too large)

.vector_35      0x9d03f660        0x8
 *(.vector_35)
 .vector_35     0x9d03f660        0x8 /opt/microchip/xc32/v2.30/bin/bin/../../lib/gcc/pic32mx/4.8.3/../../../../pic32mx/lib/libpic32.a(vector35.o)
                0x9d03f660                __vector_dispatch_35
                0x00000001                ASSERT (((_vector_spacing == 0x0) || (SIZEOF (.vector_35) <= (_vector_spacing << 0x5))), function at exception vector 35 too large)

.vector_36      0x9d03f680        0x8
 *(.vector_36)
 .vector_36     0x9d03f680        0x8 /opt/microchip/xc32/v2.30/bin/bin/../../lib/gcc/pic32mx/4.8.3/../../../../pic32mx/lib/libpic32.a(vector36.o)
                0x9d03f680                __vector_dispatch_36
                0x00000001                ASSERT (((_vector_spacing == 0x0) || (SIZEOF (.vector_36) <= (_vector_spacing << 0x5))), function at exception vector 36 too large)

.vector_37      0x9d03f6a0        0x8
 *(.vector_37)
 .vector_37     0x9d03f6a0        0x8 /opt/microchip/xc32/v2.30/bin/bin/../../lib/gcc/pic32mx/4.8.3/../../../../pic32mx/lib/libpic32.a(vector37.o)
                0x9d03f6a0                __vector_dispatch_37
                0x00000001                ASSERT (((_vector_spacing == 0x0) || (SIZEOF (.vector_37) <= (_vector_spacing << 0x5))), function at exception vector 37 too large)

.vector_38      0x9d03f6c0        0x8
 *(.vector_38)
 .vector_38     0x9d03f6c0        0x8 /opt/microchip/xc32/v2.30/bin/bin/../../lib/gcc/pic32mx/4.8.3/../../../../pic32mx/lib/libpic32.a(vector38.o)
                0x9d03f6c0                __vector_dispatch_38
                0x00000001                ASSERT (((_vector_spacing == 0x0) || (SIZEOF (.vector_38) <= (_vector_spacing << 0x5))), function at exception vector 38 too large)

.vector_39      0x9d03f6e0        0x8
 *(.vector_39)
 .vector_39     0x9d03f6e0        0x8 /opt/microchip/xc32/v2.30/bin/bin/../../lib/gcc/pic32mx/4.8.3/../../../../pic32mx/lib/libpic32.a(vector39.o)
                0x9d03f6e0                __vector_dispatch_39
                0x00000001                ASSERT (((_vector_spacing == 0x0) || (SIZEOF (.vector_39) <= (_vector_spacing << 0x5))), function at exception vector 39 too large)

.vector_40      0x9d03f700        0x8
 *(.vector_40)
 .vector_40     0x9d03f700        0x8 /opt/microchip/xc32/v2.30/bin/bin/../../lib/gcc/pic32mx/4.8.3/../../../../pic32mx/lib/libpic32.a(vector40.o)
                0x9d03f700                __vector_dispatch_40
                0x00000001                ASSERT (((_vector_spacing == 0x0) || (SIZEOF (.vector_40) <= (_vector_spacing << 0x5))), function at exception vector 40 too large)

.vector_41      0x9d03f720        0x8
 *(.vector_41)
 .vector_41     0x9d03f720        0x8 /opt/microchip/xc32/v2.30/bin/bin/../../lib/gcc/pic32mx/4.8.3/../../../../pic32mx/lib/libpic32.a(vector41.o)
                0x9d03f720                __vector_dispatch_41
                0x00000001                ASSERT (((_vector_spacing == 0x0) || (SIZEOF (.vector_41) <= (_vector_spacing << 0x5))), function at exception vector 41 too large)

.vector_42      0x9d03f740        0x8
 *(.vector_42)
 .vector_42     0x9d03f740        0x8 /opt/microchip/xc32/v2.30/bin/bin/../../lib/gcc/pic32mx/4.8.3/../../../../pic32mx/lib/libpic32.a(vector42.o)
                0x9d03f740                __vector_dispatch_42
                0x00000001                ASSERT (((_vector_spacing == 0x0) || (SIZEOF (.vector_42) <= (_vector_spacing << 0x5))), function at exception vector 42 too large)

.vector_43      0x9d03f760        0x8
 *(.vector_43)
 .vector_43     0x9d03f760        0x8 /opt/microchip/xc32/v2.30/bin/bin/../../lib/gcc/pic32mx/4.8.3/../../../../pic32mx/lib/libpic32.a(vector43.o)
                0x9d03f760                __vector_dispatch_43
                0x00000001                ASSERT (((_vector_spacing == 0x0) || (SIZEOF (.vector_43) <= (_vector_spacing << 0x5))), function at exception vector 43 too large)

.vector_44      0x9d03f780        0x0
 *(.vector_44)
                0x00000001                ASSERT (((_vector_spacing == 0x0) || (SIZEOF (.vector_44) <= (_vector_spacing << 0x5))), function at exception vector 44 too large)

.vector_45      0x9d03f7a0        0x0
 *(.vector_45)
                0x00000001                ASSERT (((_vector_spacing == 0x0) || (SIZEOF (.vector_45) <= (_vector_spacing << 0x5))), function at exception vector 45 too large)

.vector_46      0x9d03f7c0        0x0
 *(.vector_46)
                0x00000001                ASSERT (((_vector_spacing == 0x0) || (SIZEOF (.vector_46) <= (_vector_spacing << 0x5))), function at exception vector 46 too large)

.vector_47      0x9d03f7e0        0x0
 *(.vector_47)
                0x00000001                ASSERT (((_vector_spacing == 0x0) || (SIZEOF (.vector_47) <= (_vector_spacing << 0x5))), function at exception vector 47 too large)

.vector_48      0x9d03f800        0x0
 *(.vector_48)
                0x00000001                ASSERT (((_vector_spacing == 0x0) || (SIZEOF (.vector_48) <= (_vector_spacing << 0x5))), function at exception vector 48 too large)

.vector_49      0x9d03f820        0x0
 *(.vector_49)
                0x00000001                ASSERT (((_vector_spacing == 0x0) || (SIZEOF (.vector_49) <= (_vector_spacing << 0x5))), function at exception vector 49 too large)

.vector_50      0x9d03f840        0x0
 *(.vector_50)
                0x00000001                ASSERT (((_vector_spacing == 0x0) || (SIZEOF (.vector_50) <= (_vector_spacing << 0x5))), function at exception vector 50 too large)

.vector_51      0x9d03f860        0x0
 *(.vector_51)
                0x00000001                ASSERT (((_vector_spacing == 0x0) || (SIZEOF (.vector_51) <= (_vector_spacing << 0x5))), function at exception vector 51 too large)

.vector_52      0x9d03f880        0x0
 *(.vector_52)
                0x00000001                ASSERT (((_vector_spacing == 0x0) || (SIZEOF (.vector_52) <= (_vector_spacing << 0x5))), function at exception vector 52 too large)

.vector_53      0x9d03f8a0        0x0
 *(.vector_53)
                0x00000001                ASSERT (((_vector_spacing == 0x0) || (SIZEOF (.vector_53) <= (_vector_spacing << 0x5))), function at exception vector 53 too large)

.vector_54      0x9d03f8c0        0x0
 *(.vector_54)
                0x00000001                ASSERT (((_vector_spacing == 0x0) || (SIZEOF (.vector_54) <= (_vector_spacing << 0x5))), function at exception vector 54 too large)

.vector_55      0x9d03f8e0        0x0
 *(.vector_55)
                0x00000001                ASSERT (((_vector_spacing == 0x0) || (SIZEOF (.vector_55) <= (_vector_spacing << 0x5))), function at exception vector 55 too large)

.vector_56      0x9d03f900        0x0
 *(.vector_56)
                0x00000001                ASSERT (((_vector_spacing == 0x0) || (SIZEOF (.vector_56) <= (_vector_spacing << 0x5))), function at exception vector 56 too large)

.vector_57      0x9d03f920        0x0
 *(.vector_57)
                0x00000001                ASSERT (((_vector_spacing == 0x0) || (SIZEOF (.vector_57) <= (_vector_spacing << 0x5))), function at exception vector 57 too large)

.vector_58      0x9d03f940        0x0
 *(.vector_58)
                0x00000001                ASSERT (((_vector_spacing == 0x0) || (SIZEOF (.vector_58) <= (_vector_spacing << 0x5))), function at exception vector 58 too large)

.vector_59      0x9d03f960        0x0
 *(.vector_59)
                0x00000001                ASSERT (((_vector_spacing == 0x0) || (SIZEOF (.vector_59) <= (_vector_spacing << 0x5))), function at exception vector 59 too large)

.vector_60      0x9d03f980        0x0
 *(.vector_60)
                0x00000001                ASSERT (((_vector_spacing == 0x0) || (SIZEOF (.vector_60) <= (_vector_spacing << 0x5))), function at exception vector 60 too large)

.vector_61      0x9d03f9a0        0x0
 *(.vector_61)
                0x00000001                ASSERT (((_vector_spacing == 0x0) || (SIZEOF (.vector_61) <= (_vector_spacing << 0x5))), function at exception vector 61 too large)

.vector_62      0x9d03f9c0        0x0
 *(.vector_62)
                0x00000001                ASSERT (((_vector_spacing == 0x0) || (SIZEOF (.vector_62) <= (_vector_spacing << 0x5))), function at exception vector 62 too large)

.vector_63      0x9d03f9e0        0x0
 *(.vector_63)
                0x00000001                ASSERT (((_vector_spacing == 0x0) || (SIZEOF (.vector_63) <= (_vector_spacing << 0x5))), function at exception vector 63 too large)

.startup
 *(.startup)

.text           0x9d000000        0x0
 *(.stub .gnu.linkonce.t.*)
 *(.text.*personality*)
 *(.mips16.fn.*)
 *(.mips16.call.*)
 *(.gnu.warning)
                0x9d000000                . = ALIGN (0x4)

.init           0x9d000000        0x0
 *crti.o(.init)
 *crtbegin.o(.init)
 *(EXCLUDE_FILE(*crtn.o *crtend?.o *crtend.o) .init)
 *crtend.o(.init)
 *crtn.o(.init)
                0x9d000000                . = ALIGN (0x4)

.fini           0x9d000000        0x0
 *(.fini)
                0x9d000000                . = ALIGN (0x4)

.preinit_array  0x9d000000        0x0
                0x9d000000                PROVIDE (__preinit_array_start, .)
 *(.preinit_array)
                0x9d000000                PROVIDE (__preinit_array_end, .)
                0x9d000000                . = ALIGN (0x4)

.init_array     0x9d000000        0x0
                0x9d000000                PROVIDE (__init_array_start, .)
 *(SORT(.init_array.*))
 *(.init_array)
                0x9d000000                PROVIDE (__init_array_end, .)
                0x9d000000                . = ALIGN (0x4)

.fini_array     0x9d000000        0x0
                0x9d000000                PROVIDE (__fini_array_start, .)
 *(SORT(.fini_array.*))
 *(.fini_array)
                0x9d000000                PROVIDE (__fini_array_end, .)
                0x9d000000                . = ALIGN (0x4)

.ctors          0x9d000000        0x0
 *crtbegin.o(.ctors)
 *crtbegin?.o(.ctors)
 *(EXCLUDE_FILE(*crtend?.o *crtend.o) .ctors)
 *(SORT(.ctors.*))
 *(.ctors)
                0x9d000000                . = ALIGN (0x4)

.dtors          0x9d000000        0x0
 *crtbegin.o(.dtors)
 *crtbegin?.o(.dtors)
 *(EXCLUDE_FILE(*crtend?.o *crtend.o) .dtors)
 *(SORT(.dtors.*))
 *(.dtors)
                0x9d000000                . = ALIGN (0x4)

.rodata         0x9d000000        0x0
 *(.gnu.linkonce.r.*)
 *(.rodata1)
                0x9d000000                . = ALIGN (0x4)

.sdata2         0x9fc00490        0x0
 *(.sdata2 .sdata2.* .gnu.linkonce.s2.*)
                0x9fc00490                . = ALIGN (0x4)

.sbss2          0x9fc00490        0x0
 *(.sbss2 .sbss2.* .gnu.linkonce.sb2.*)
                0x9fc00490                . = ALIGN (0x4)

.eh_frame_hdr
 *(.eh_frame_hdr)
                0x9fc00490                . = ALIGN (0x4)

.eh_frame
 *(.eh_frame)
                0x9fc00490                . = ALIGN (0x4)

.gcc_except_table
 *(.gcc_except_table .gcc_except_table.*)
                0x9fc00490                . = ALIGN (0x4)

.dbg_data       0xa0000000        0x0
                0xa0000000                . = (. + DEFINED (_DEBUGGER)?0x200:0x0)

.jcr            0xa0000000        0x0
 *(.jcr)
                0xa0000000                . = ALIGN (0x4)

.eh_frame
 *(.eh_frame)
                0xa0000000                . = ALIGN (0x4)

.gcc_except_table
 *(.gcc_except_table .gcc_except_table.*)
                0xa0000000                . = ALIGN (0x4)

.persist        0xa0000000        0x0
                0xa0000000                _persist_begin = .
 *(.persist .persist.*)
 *(.pbss .pbss.*)
                0xa0000000                . = ALIGN (0x4)
                0xa0000000                _persist_end = .

.data           0xa0000000        0x0
 *(.gnu.linkonce.d.*)
 *(.data1)
                0xa0000000                . = ALIGN (0x4)
                0xa0000000                . = .
                0xa0007ff0                _gp = (ALIGN (0x10) + 0x7ff0)

.got            0xa0000000        0x0
 *(.got.plt)
 *(.got)
                0xa0000000                . = ALIGN (0x4)

.sdata          0xa0000000        0x4
                0xa0000000                _sdata_begin = .
 *(.sdata .sdata.* .gnu.linkonce.s.*)
 .sdata         0xa0000000        0x4 /opt/microchip/xc32/v2.30/bin/bin/../../lib/gcc/pic32mx/4.8.3/../../../../pic32mx/lib/libpic32.a(xc32_uart.o)
                0xa0000000                __XC_UART
                0xa0000004                . = ALIGN (0x4)
                0xa0000004                _sdata_end = .

.lit8
 *(.lit8)

.lit4
 *(.lit4)
                0xa0000004                . = ALIGN (0x4)
                0xa0000004                _data_end = .
                0xa0000004                _bss_begin = .

.sbss           0xa0000004        0x0
                0xa0000004                _sbss_begin = .
 *(.dynsbss)
 *(.sbss .sbss.* .gnu.linkonce.sb.*)
 *(.scommon)
                0xa0000004                _sbss_end = .
                0xa0000004                . = ALIGN (0x4)

.bss            0xa0000004        0x0
 *(.dynbss)
 *(COMMON)
                0xa0000004                . = ALIGN ((. != 0x0)?0x4:0x1)
                0xa0000004                . = ALIGN (0x4)
                0xa0000004                _end = .
                0xa0000004                _bss_end = .
                0x00010000                _bmxdudba_address = 0x10000
                0x00010000                _bmxdupba_address = 0x10000

/DISCARD/
 *(.pdr)
 *(.rel.dyn)
 *(.note.GNU-stack)
 *(.note.GNU-stack)
 *(.gnu_debuglink)
 *(.gnu.lto_*)
 *(.discard)

.gptab.sdata
 *(.gptab.data)
 *(.gptab.sdata)

.gptab.sbss
 *(.gptab.bss)
 *(.gptab.sbss)

.mdebug.abi32   0xa0000004        0x0
 *(.mdebug.abi32)
 .mdebug.abi32  0xa0000004        0x0 build/default/production/_ext/1360937237/main.o
 .mdebug.abi32  0xa0000004        0x0 build/default/production/_ext/1360937237/ili9341.o
 .mdebug.abi32  0xa0000004        0x0 build/default/production/_ext/1360937237/init.o
 .mdebug.abi32  0xa0000004        0x0 build/default/production/_ext/1360937237/adc.o
 .mdebug.abi32  0xa0000004        0x0 build/default/production/_ext/1360937237/uart.o
 .mdebug.abi32  0xa0000004        0x0 /opt/microchip/xc32/v2.30/bin/bin/../../lib/gcc/pic32mx/4.8.3/libgcc.a(floatunsisf.o)
 .mdebug.abi32  0xa0000004        0x0 /opt/microchip/xc32/v2.30/bin/bin/../../lib/gcc/pic32mx/4.8.3/../../../../pic32mx/lib/libpic32.a(default-bootstrap-exception-handler.o)
 .mdebug.abi32  0xa0000004        0x0 /opt/microchip/xc32/v2.30/bin/bin/../../lib/gcc/pic32mx/4.8.3/../../../../pic32mx/lib/libpic32.a(default-on-reset.o)
 .mdebug.abi32  0xa0000004        0x0 /opt/microchip/xc32/v2.30/bin/bin/../../lib/gcc/pic32mx/4.8.3/../../../../pic32mx/lib/libpic32.a(default-on-bootstrap.o)
 .mdebug.abi32  0xa0000004        0x0 /opt/microchip/xc32/v2.30/bin/bin/../../lib/gcc/pic32mx/4.8.3/../../../../pic32mx/lib/libpic32.a(default-general-exception-handler.o)
 .mdebug.abi32  0xa0000004        0x0 /opt/microchip/xc32/v2.30/bin/bin/../../lib/gcc/pic32mx/4.8.3/../../../../pic32mx/lib/libpic32.a(defaultinterrupt.o)
 .mdebug.abi32  0xa0000004        0x0 /opt/microchip/xc32/v2.30/bin/bin/../../lib/gcc/pic32mx/4.8.3/../../../../pic32mx/lib/libc.a(sprintf_cdfFnopsuxX.eo)
 .mdebug.abi32  0xa0000004        0x0 /opt/microchip/xc32/v2.30/bin/bin/../../lib/gcc/pic32mx/4.8.3/../../../../pic32mx/lib/libc.a(doprnt_cdfFnopsuxX.eo)
 .mdebug.abi32  0xa0000004        0x0 /opt/microchip/xc32/v2.30/bin/bin/../../lib/gcc/pic32mx/4.8.3/../../../../pic32mx/lib/libc.a(_fputc_simple.o)
 .mdebug.abi32  0xa0000004        0x0 /opt/microchip/xc32/v2.30/bin/bin/../../lib/gcc/pic32mx/4.8.3/../../../../pic32mx/lib/libc.a(ctype.o)
 .mdebug.abi32  0xa0000004        0x0 /opt/microchip/xc32/v2.30/bin/bin/../../lib/gcc/pic32mx/4.8.3/../../../../pic32mx/lib/libc.a(ldpowers.o)
 .mdebug.abi32  0xa0000004        0x0 /opt/microchip/xc32/v2.30/bin/bin/../../lib/gcc/pic32mx/4.8.3/../../../../pic32mx/lib/libc.a(_iob.o)
 .mdebug.abi32  0xa0000004        0x0 /opt/microchip/xc32/v2.30/bin/bin/../../lib/gcc/pic32mx/4.8.3/../../../../pic32mx/lib/libc.a(_flsbuf_simple.o)
 .mdebug.abi32  0xa0000004        0x0 /opt/microchip/xc32/v2.30/bin/bin/../../lib/gcc/pic32mx/4.8.3/../../../../pic32mx/lib/libe.a(_fixunsdfdi.o)
 .mdebug.abi32  0xa0000004        0x0 /opt/microchip/xc32/v2.30/bin/bin/../../lib/gcc/pic32mx/4.8.3/../../../../pic32mx/lib/libe.a(_orderdf2.o)
 .mdebug.abi32  0xa0000004        0x0 /opt/microchip/xc32/v2.30/bin/bin/../../lib/gcc/pic32mx/4.8.3/../../../../pic32mx/lib/libe.a(_fixdfdi.o)
 .mdebug.abi32  0xa0000004        0x0 /opt/microchip/xc32/v2.30/bin/bin/../../lib/gcc/pic32mx/4.8.3/libgcc.a(_floatundidf.o)
 .mdebug.abi32  0xa0000004        0x0 /opt/microchip/xc32/v2.30/bin/bin/../../lib/gcc/pic32mx/4.8.3/libgcc.a(_udivdi3.o)
 .mdebug.abi32  0xa0000004        0x0 /opt/microchip/xc32/v2.30/bin/bin/../../lib/gcc/pic32mx/4.8.3/libgcc.a(_umoddi3.o)
 .mdebug.abi32  0xa0000004        0x0 /opt/microchip/xc32/v2.30/bin/bin/../../lib/gcc/pic32mx/4.8.3/libgcc.a(floatunsidf.o)
 .mdebug.abi32  0xa0000004        0x0 /opt/microchip/xc32/v2.30/bin/bin/../../lib/gcc/pic32mx/4.8.3/../../../../pic32mx/lib/libpic32.a(write.o)
 .mdebug.abi32  0xa0000004        0x0 /opt/microchip/xc32/v2.30/bin/bin/../../lib/gcc/pic32mx/4.8.3/../../../../pic32mx/lib/libpic32.a(_mon_putc.o)
 .mdebug.abi32  0xa0000004        0x0 /opt/microchip/xc32/v2.30/bin/bin/../../lib/gcc/pic32mx/4.8.3/../../../../pic32mx/lib/libpic32.a(xc32_uart.o)

.mdebug.abiN32
 *(.mdebug.abiN32)

.mdebug.abi64
 *(.mdebug.abi64)

.mdebug.abiO64
 *(.mdebug.abiO64)

.mdebug.eabi32
 *(.mdebug.eabi32)

.mdebug.eabi64
 *(.mdebug.eabi64)

.gcc_compiled_long32
 *(.gcc_compiled_long32)

.gcc_compiled_long64
 *(.gcc_compiled_long64)

.stab
 *(.stab)

.stabstr
 *(.stabstr)

.stab.excl
 *(.stab.excl)

.stab.exclstr
 *(.stab.exclstr)

.stab.index
 *(.stab.index)

.stab.indexstr
 *(.stab.indexstr)

.comment        0x00000000      0x1c9
 *(.comment)
 .comment       0x00000000       0x3c build/default/production/_ext/1360937237/main.o
                                 0x3d (size before relaxing)
 .comment       0x00000000       0x3d build/default/production/_ext/1360937237/ili9341.o
 .comment       0x00000000       0x3d build/default/production/_ext/1360937237/init.o
 .comment       0x00000000       0x3d build/default/production/_ext/1360937237/adc.o
 .comment       0x00000000       0x3d build/default/production/_ext/1360937237/uart.o
 .comment       0x00000000       0x3d /opt/microchip/xc32/v2.30/bin/bin/../../lib/gcc/pic32mx/4.8.3/libgcc.a(floatunsisf.o)
 .comment       0x00000000       0x3d /opt/microchip/xc32/v2.30/bin/bin/../../lib/gcc/pic32mx/4.8.3/../../../../pic32mx/lib/libpic32.a(default-bootstrap-exception-handler.o)
 .comment       0x00000000       0x3d /opt/microchip/xc32/v2.30/bin/bin/../../lib/gcc/pic32mx/4.8.3/../../../../pic32mx/lib/libpic32.a(default-on-reset.o)
 .comment       0x00000000       0x3d /opt/microchip/xc32/v2.30/bin/bin/../../lib/gcc/pic32mx/4.8.3/../../../../pic32mx/lib/libpic32.a(default-on-bootstrap.o)
 .comment       0x00000000       0x3d /opt/microchip/xc32/v2.30/bin/bin/../../lib/gcc/pic32mx/4.8.3/../../../../pic32mx/lib/libpic32.a(default-general-exception-handler.o)
 .comment       0x00000000       0x3d /opt/microchip/xc32/v2.30/bin/bin/../../lib/gcc/pic32mx/4.8.3/../../../../pic32mx/lib/libpic32.a(defaultinterrupt.o)
 .comment       0x00000000       0x3d /opt/microchip/xc32/v2.30/bin/bin/../../lib/gcc/pic32mx/4.8.3/../../../../pic32mx/lib/libc.a(sprintf_cdfFnopsuxX.eo)
 .comment       0x00000000       0x3d /opt/microchip/xc32/v2.30/bin/bin/../../lib/gcc/pic32mx/4.8.3/../../../../pic32mx/lib/libc.a(doprnt_cdfFnopsuxX.eo)
 .comment       0x00000000       0x3d /opt/microchip/xc32/v2.30/bin/bin/../../lib/gcc/pic32mx/4.8.3/../../../../pic32mx/lib/libc.a(_fputc_simple.o)
 .comment       0x0000003c       0x4e /opt/microchip/xc32/v2.30/bin/bin/../../lib/gcc/pic32mx/4.8.3/../../../../pic32mx/lib/libc.a(ctype.o)
                                 0x8b (size before relaxing)
 .comment       0x00000000       0x3d /opt/microchip/xc32/v2.30/bin/bin/../../lib/gcc/pic32mx/4.8.3/../../../../pic32mx/lib/libc.a(ldpowers.o)
 .comment       0x00000000       0x3d /opt/microchip/xc32/v2.30/bin/bin/../../lib/gcc/pic32mx/4.8.3/../../../../pic32mx/lib/libc.a(_iob.o)
 .comment       0x00000000       0x3d /opt/microchip/xc32/v2.30/bin/bin/../../lib/gcc/pic32mx/4.8.3/../../../../pic32mx/lib/libc.a(_flsbuf_simple.o)
 .comment       0x0000008a       0x9f /opt/microchip/xc32/v2.30/bin/bin/../../lib/gcc/pic32mx/4.8.3/../../../../pic32mx/lib/libe.a(_fixunsdfdi.o)
                                 0xdc (size before relaxing)
 .comment       0x00000129       0x50 /opt/microchip/xc32/v2.30/bin/bin/../../lib/gcc/pic32mx/4.8.3/../../../../pic32mx/lib/libe.a(_orderdf2.o)
                                 0xdb (size before relaxing)
 .comment       0x00000179       0x50 /opt/microchip/xc32/v2.30/bin/bin/../../lib/gcc/pic32mx/4.8.3/../../../../pic32mx/lib/libe.a(_fixdfdi.o)
                                 0xdb (size before relaxing)
 .comment       0x00000000       0x3d /opt/microchip/xc32/v2.30/bin/bin/../../lib/gcc/pic32mx/4.8.3/libgcc.a(_floatundidf.o)
 .comment       0x00000000       0x3d /opt/microchip/xc32/v2.30/bin/bin/../../lib/gcc/pic32mx/4.8.3/libgcc.a(_udivdi3.o)
 .comment       0x00000000       0x3d /opt/microchip/xc32/v2.30/bin/bin/../../lib/gcc/pic32mx/4.8.3/libgcc.a(_umoddi3.o)
 .comment       0x00000000       0x3d /opt/microchip/xc32/v2.30/bin/bin/../../lib/gcc/pic32mx/4.8.3/libgcc.a(floatunsidf.o)
 .comment       0x00000000       0x3d /opt/microchip/xc32/v2.30/bin/bin/../../lib/gcc/pic32mx/4.8.3/../../../../pic32mx/lib/libpic32.a(write.o)
 .comment       0x00000000       0x3d /opt/microchip/xc32/v2.30/bin/bin/../../lib/gcc/pic32mx/4.8.3/../../../../pic32mx/lib/libpic32.a(_mon_putc.o)
 .comment       0x00000000       0x3d /opt/microchip/xc32/v2.30/bin/bin/../../lib/gcc/pic32mx/4.8.3/../../../../pic32mx/lib/libpic32.a(xc32_uart.o)

.debug
 *(.debug)

.line
 *(.line)

.debug_srcinfo
 *(.debug_srcinfo)

.debug_sfnames
 *(.debug_sfnames)

.debug_aranges  0x00000000      0x3c8
 *(.debug_aranges)
 .debug_aranges
                0x00000000       0x40 build/default/production/_ext/1360937237/main.o
 .debug_aranges
                0x00000040       0x78 build/default/production/_ext/1360937237/ili9341.o
 .debug_aranges
                0x000000b8       0x20 build/default/production/_ext/1360937237/init.o
 .debug_aranges
                0x000000d8       0x58 build/default/production/_ext/1360937237/adc.o
 .debug_aranges
                0x00000130       0x30 build/default/production/_ext/1360937237/uart.o
 .debug_aranges
                0x00000160       0x20 /opt/microchip/xc32/v2.30/bin/bin/../../lib/gcc/pic32mx/4.8.3/libgcc.a(floatunsisf.o)
 .debug_aranges
                0x00000180       0x20 /opt/microchip/xc32/v2.30/bin/bin/../../lib/gcc/pic32mx/4.8.3/../../../../pic32mx/lib/libpic32.a(default-bootstrap-exception-handler.o)
 .debug_aranges
                0x000001a0       0x20 /opt/microchip/xc32/v2.30/bin/bin/../../lib/gcc/pic32mx/4.8.3/../../../../pic32mx/lib/libpic32.a(default-on-reset.o)
 .debug_aranges
                0x000001c0       0x20 /opt/microchip/xc32/v2.30/bin/bin/../../lib/gcc/pic32mx/4.8.3/../../../../pic32mx/lib/libpic32.a(default-on-bootstrap.o)
 .debug_aranges
                0x000001e0       0x20 /opt/microchip/xc32/v2.30/bin/bin/../../lib/gcc/pic32mx/4.8.3/../../../../pic32mx/lib/libpic32.a(default-general-exception-handler.o)
 .debug_aranges
                0x00000200       0x20 /opt/microchip/xc32/v2.30/bin/bin/../../lib/gcc/pic32mx/4.8.3/../../../../pic32mx/lib/libpic32.a(defaultinterrupt.o)
 .debug_aranges
                0x00000220       0x20 /opt/microchip/xc32/v2.30/bin/bin/../../lib/gcc/pic32mx/4.8.3/../../../../pic32mx/lib/libc.a(sprintf_cdfFnopsuxX.eo)
 .debug_aranges
                0x00000240       0x28 /opt/microchip/xc32/v2.30/bin/bin/../../lib/gcc/pic32mx/4.8.3/../../../../pic32mx/lib/libc.a(doprnt_cdfFnopsuxX.eo)
 .debug_aranges
                0x00000268       0x20 /opt/microchip/xc32/v2.30/bin/bin/../../lib/gcc/pic32mx/4.8.3/../../../../pic32mx/lib/libc.a(_fputc_simple.o)
 .debug_aranges
                0x00000288       0x20 /opt/microchip/xc32/v2.30/bin/bin/../../lib/gcc/pic32mx/4.8.3/../../../../pic32mx/lib/libc.a(_flsbuf_simple.o)
 .debug_aranges
                0x000002a8       0x20 /opt/microchip/xc32/v2.30/bin/bin/../../lib/gcc/pic32mx/4.8.3/../../../../pic32mx/lib/libe.a(_fixunsdfdi.o)
 .debug_aranges
                0x000002c8       0x20 /opt/microchip/xc32/v2.30/bin/bin/../../lib/gcc/pic32mx/4.8.3/../../../../pic32mx/lib/libe.a(_orderdf2.o)
 .debug_aranges
                0x000002e8       0x20 /opt/microchip/xc32/v2.30/bin/bin/../../lib/gcc/pic32mx/4.8.3/../../../../pic32mx/lib/libe.a(_fixdfdi.o)
 .debug_aranges
                0x00000308       0x20 /opt/microchip/xc32/v2.30/bin/bin/../../lib/gcc/pic32mx/4.8.3/libgcc.a(_floatundidf.o)
 .debug_aranges
                0x00000328       0x20 /opt/microchip/xc32/v2.30/bin/bin/../../lib/gcc/pic32mx/4.8.3/libgcc.a(_udivdi3.o)
 .debug_aranges
                0x00000348       0x20 /opt/microchip/xc32/v2.30/bin/bin/../../lib/gcc/pic32mx/4.8.3/libgcc.a(_umoddi3.o)
 .debug_aranges
                0x00000368       0x20 /opt/microchip/xc32/v2.30/bin/bin/../../lib/gcc/pic32mx/4.8.3/libgcc.a(floatunsidf.o)
 .debug_aranges
                0x00000388       0x20 /opt/microchip/xc32/v2.30/bin/bin/../../lib/gcc/pic32mx/4.8.3/../../../../pic32mx/lib/libpic32.a(write.o)
 .debug_aranges
                0x000003a8       0x20 /opt/microchip/xc32/v2.30/bin/bin/../../lib/gcc/pic32mx/4.8.3/../../../../pic32mx/lib/libpic32.a(_mon_putc.o)

.debug_pubnames
 *(.debug_pubnames)

.debug_info     0x00000000     0x6419
 *(.debug_info .gnu.linkonce.wi.*)
 .debug_info    0x00000000      0xee7 build/default/production/_ext/1360937237/main.o
 .debug_info    0x00000ee7     0x1b79 build/default/production/_ext/1360937237/ili9341.o
 .debug_info    0x00002a60      0x53d build/default/production/_ext/1360937237/init.o
 .debug_info    0x00002f9d      0xe0e build/default/production/_ext/1360937237/adc.o
 .debug_info    0x00003dab      0x76d build/default/production/_ext/1360937237/uart.o
 .debug_info    0x00004518      0x129 /opt/microchip/xc32/v2.30/bin/bin/../../lib/gcc/pic32mx/4.8.3/libgcc.a(floatunsisf.o)
 .debug_info    0x00004641       0xf4 /opt/microchip/xc32/v2.30/bin/bin/../../lib/gcc/pic32mx/4.8.3/../../../../pic32mx/lib/libpic32.a(default-bootstrap-exception-handler.o)
 .debug_info    0x00004735       0xcd /opt/microchip/xc32/v2.30/bin/bin/../../lib/gcc/pic32mx/4.8.3/../../../../pic32mx/lib/libpic32.a(default-on-reset.o)
 .debug_info    0x00004802       0xd5 /opt/microchip/xc32/v2.30/bin/bin/../../lib/gcc/pic32mx/4.8.3/../../../../pic32mx/lib/libpic32.a(default-on-bootstrap.o)
 .debug_info    0x000048d7       0xf0 /opt/microchip/xc32/v2.30/bin/bin/../../lib/gcc/pic32mx/4.8.3/../../../../pic32mx/lib/libpic32.a(default-general-exception-handler.o)
 .debug_info    0x000049c7       0xe7 /opt/microchip/xc32/v2.30/bin/bin/../../lib/gcc/pic32mx/4.8.3/../../../../pic32mx/lib/libpic32.a(defaultinterrupt.o)
 .debug_info    0x00004aae       0xd3 /opt/microchip/xc32/v2.30/bin/bin/../../lib/gcc/pic32mx/4.8.3/../../../../pic32mx/lib/libc.a(sprintf_cdfFnopsuxX.eo)
 .debug_info    0x00004b81       0xfb /opt/microchip/xc32/v2.30/bin/bin/../../lib/gcc/pic32mx/4.8.3/../../../../pic32mx/lib/libc.a(doprnt_cdfFnopsuxX.eo)
 .debug_info    0x00004c7c       0xc2 /opt/microchip/xc32/v2.30/bin/bin/../../lib/gcc/pic32mx/4.8.3/../../../../pic32mx/lib/libc.a(_fputc_simple.o)
 .debug_info    0x00004d3e       0xc5 /opt/microchip/xc32/v2.30/bin/bin/../../lib/gcc/pic32mx/4.8.3/../../../../pic32mx/lib/libc.a(_flsbuf_simple.o)
 .debug_info    0x00004e03       0xce /opt/microchip/xc32/v2.30/bin/bin/../../lib/gcc/pic32mx/4.8.3/../../../../pic32mx/lib/libe.a(_fixunsdfdi.o)
 .debug_info    0x00004ed1       0xba /opt/microchip/xc32/v2.30/bin/bin/../../lib/gcc/pic32mx/4.8.3/../../../../pic32mx/lib/libe.a(_orderdf2.o)
 .debug_info    0x00004f8b       0xb9 /opt/microchip/xc32/v2.30/bin/bin/../../lib/gcc/pic32mx/4.8.3/../../../../pic32mx/lib/libe.a(_fixdfdi.o)
 .debug_info    0x00005044      0x245 /opt/microchip/xc32/v2.30/bin/bin/../../lib/gcc/pic32mx/4.8.3/libgcc.a(_floatundidf.o)
 .debug_info    0x00005289      0x74b /opt/microchip/xc32/v2.30/bin/bin/../../lib/gcc/pic32mx/4.8.3/libgcc.a(_udivdi3.o)
 .debug_info    0x000059d4      0x788 /opt/microchip/xc32/v2.30/bin/bin/../../lib/gcc/pic32mx/4.8.3/libgcc.a(_umoddi3.o)
 .debug_info    0x0000615c      0x137 /opt/microchip/xc32/v2.30/bin/bin/../../lib/gcc/pic32mx/4.8.3/libgcc.a(floatunsidf.o)
 .debug_info    0x00006293       0xbf /opt/microchip/xc32/v2.30/bin/bin/../../lib/gcc/pic32mx/4.8.3/../../../../pic32mx/lib/libpic32.a(write.o)
 .debug_info    0x00006352       0xc7 /opt/microchip/xc32/v2.30/bin/bin/../../lib/gcc/pic32mx/4.8.3/../../../../pic32mx/lib/libpic32.a(_mon_putc.o)

.debug_abbrev   0x00000000      0xde8
 *(.debug_abbrev)
 .debug_abbrev  0x00000000      0x22b build/default/production/_ext/1360937237/main.o
 .debug_abbrev  0x0000022b      0x21b build/default/production/_ext/1360937237/ili9341.o
 .debug_abbrev  0x00000446      0x14b build/default/production/_ext/1360937237/init.o
 .debug_abbrev  0x00000591      0x167 build/default/production/_ext/1360937237/adc.o
 .debug_abbrev  0x000006f8       0xed build/default/production/_ext/1360937237/uart.o
 .debug_abbrev  0x000007e5       0x62 /opt/microchip/xc32/v2.30/bin/bin/../../lib/gcc/pic32mx/4.8.3/libgcc.a(floatunsisf.o)
 .debug_abbrev  0x00000847       0x28 /opt/microchip/xc32/v2.30/bin/bin/../../lib/gcc/pic32mx/4.8.3/../../../../pic32mx/lib/libpic32.a(default-bootstrap-exception-handler.o)
 .debug_abbrev  0x0000086f       0x28 /opt/microchip/xc32/v2.30/bin/bin/../../lib/gcc/pic32mx/4.8.3/../../../../pic32mx/lib/libpic32.a(default-on-reset.o)
 .debug_abbrev  0x00000897       0x28 /opt/microchip/xc32/v2.30/bin/bin/../../lib/gcc/pic32mx/4.8.3/../../../../pic32mx/lib/libpic32.a(default-on-bootstrap.o)
 .debug_abbrev  0x000008bf       0x28 /opt/microchip/xc32/v2.30/bin/bin/../../lib/gcc/pic32mx/4.8.3/../../../../pic32mx/lib/libpic32.a(default-general-exception-handler.o)
 .debug_abbrev  0x000008e7       0x28 /opt/microchip/xc32/v2.30/bin/bin/../../lib/gcc/pic32mx/4.8.3/../../../../pic32mx/lib/libpic32.a(defaultinterrupt.o)
 .debug_abbrev  0x0000090f       0x28 /opt/microchip/xc32/v2.30/bin/bin/../../lib/gcc/pic32mx/4.8.3/../../../../pic32mx/lib/libc.a(sprintf_cdfFnopsuxX.eo)
 .debug_abbrev  0x00000937       0x45 /opt/microchip/xc32/v2.30/bin/bin/../../lib/gcc/pic32mx/4.8.3/../../../../pic32mx/lib/libc.a(doprnt_cdfFnopsuxX.eo)
 .debug_abbrev  0x0000097c       0x28 /opt/microchip/xc32/v2.30/bin/bin/../../lib/gcc/pic32mx/4.8.3/../../../../pic32mx/lib/libc.a(_fputc_simple.o)
 .debug_abbrev  0x000009a4       0x28 /opt/microchip/xc32/v2.30/bin/bin/../../lib/gcc/pic32mx/4.8.3/../../../../pic32mx/lib/libc.a(_flsbuf_simple.o)
 .debug_abbrev  0x000009cc       0x37 /opt/microchip/xc32/v2.30/bin/bin/../../lib/gcc/pic32mx/4.8.3/../../../../pic32mx/lib/libe.a(_fixunsdfdi.o)
 .debug_abbrev  0x00000a03       0x28 /opt/microchip/xc32/v2.30/bin/bin/../../lib/gcc/pic32mx/4.8.3/../../../../pic32mx/lib/libe.a(_orderdf2.o)
 .debug_abbrev  0x00000a2b       0x28 /opt/microchip/xc32/v2.30/bin/bin/../../lib/gcc/pic32mx/4.8.3/../../../../pic32mx/lib/libe.a(_fixdfdi.o)
 .debug_abbrev  0x00000a53       0x64 /opt/microchip/xc32/v2.30/bin/bin/../../lib/gcc/pic32mx/4.8.3/libgcc.a(_floatundidf.o)
 .debug_abbrev  0x00000ab7      0x138 /opt/microchip/xc32/v2.30/bin/bin/../../lib/gcc/pic32mx/4.8.3/libgcc.a(_udivdi3.o)
 .debug_abbrev  0x00000bef      0x147 /opt/microchip/xc32/v2.30/bin/bin/../../lib/gcc/pic32mx/4.8.3/libgcc.a(_umoddi3.o)
 .debug_abbrev  0x00000d36       0x62 /opt/microchip/xc32/v2.30/bin/bin/../../lib/gcc/pic32mx/4.8.3/libgcc.a(floatunsidf.o)
 .debug_abbrev  0x00000d98       0x28 /opt/microchip/xc32/v2.30/bin/bin/../../lib/gcc/pic32mx/4.8.3/../../../../pic32mx/lib/libpic32.a(write.o)
 .debug_abbrev  0x00000dc0       0x28 /opt/microchip/xc32/v2.30/bin/bin/../../lib/gcc/pic32mx/4.8.3/../../../../pic32mx/lib/libpic32.a(_mon_putc.o)

.debug_line     0x00000000     0x150b
 *(.debug_line)
 .debug_line    0x00000000      0x233 build/default/production/_ext/1360937237/main.o
 .debug_line    0x00000233      0x324 build/default/production/_ext/1360937237/ili9341.o
 .debug_line    0x00000557      0x131 build/default/production/_ext/1360937237/init.o
 .debug_line    0x00000688      0x1ca build/default/production/_ext/1360937237/adc.o
 .debug_line    0x00000852      0x144 build/default/production/_ext/1360937237/uart.o
 .debug_line    0x00000996       0x94 /opt/microchip/xc32/v2.30/bin/bin/../../lib/gcc/pic32mx/4.8.3/libgcc.a(floatunsisf.o)
 .debug_line    0x00000a2a       0xa6 /opt/microchip/xc32/v2.30/bin/bin/../../lib/gcc/pic32mx/4.8.3/../../../../pic32mx/lib/libpic32.a(default-bootstrap-exception-handler.o)
 .debug_line    0x00000ad0       0x93 /opt/microchip/xc32/v2.30/bin/bin/../../lib/gcc/pic32mx/4.8.3/../../../../pic32mx/lib/libpic32.a(default-on-reset.o)
 .debug_line    0x00000b63       0x97 /opt/microchip/xc32/v2.30/bin/bin/../../lib/gcc/pic32mx/4.8.3/../../../../pic32mx/lib/libpic32.a(default-on-bootstrap.o)
 .debug_line    0x00000bfa       0xa4 /opt/microchip/xc32/v2.30/bin/bin/../../lib/gcc/pic32mx/4.8.3/../../../../pic32mx/lib/libpic32.a(default-general-exception-handler.o)
 .debug_line    0x00000c9e       0xa5 /opt/microchip/xc32/v2.30/bin/bin/../../lib/gcc/pic32mx/4.8.3/../../../../pic32mx/lib/libpic32.a(defaultinterrupt.o)
 .debug_line    0x00000d43       0x7f /opt/microchip/xc32/v2.30/bin/bin/../../lib/gcc/pic32mx/4.8.3/../../../../pic32mx/lib/libc.a(sprintf_cdfFnopsuxX.eo)
 .debug_line    0x00000dc2       0x7e /opt/microchip/xc32/v2.30/bin/bin/../../lib/gcc/pic32mx/4.8.3/../../../../pic32mx/lib/libc.a(doprnt_cdfFnopsuxX.eo)
 .debug_line    0x00000e40       0x7d /opt/microchip/xc32/v2.30/bin/bin/../../lib/gcc/pic32mx/4.8.3/../../../../pic32mx/lib/libc.a(_fputc_simple.o)
 .debug_line    0x00000ebd        0x0 /opt/microchip/xc32/v2.30/bin/bin/../../lib/gcc/pic32mx/4.8.3/../../../../pic32mx/lib/libc.a(ctype.o)
 .debug_line    0x00000ebd        0x0 /opt/microchip/xc32/v2.30/bin/bin/../../lib/gcc/pic32mx/4.8.3/../../../../pic32mx/lib/libc.a(ldpowers.o)
 .debug_line    0x00000ebd        0x0 /opt/microchip/xc32/v2.30/bin/bin/../../lib/gcc/pic32mx/4.8.3/../../../../pic32mx/lib/libc.a(_iob.o)
 .debug_line    0x00000ebd       0x7e /opt/microchip/xc32/v2.30/bin/bin/../../lib/gcc/pic32mx/4.8.3/../../../../pic32mx/lib/libc.a(_flsbuf_simple.o)
 .debug_line    0x00000f3b       0x82 /opt/microchip/xc32/v2.30/bin/bin/../../lib/gcc/pic32mx/4.8.3/../../../../pic32mx/lib/libe.a(_fixunsdfdi.o)
 .debug_line    0x00000fbd       0x81 /opt/microchip/xc32/v2.30/bin/bin/../../lib/gcc/pic32mx/4.8.3/../../../../pic32mx/lib/libe.a(_orderdf2.o)
 .debug_line    0x0000103e       0x81 /opt/microchip/xc32/v2.30/bin/bin/../../lib/gcc/pic32mx/4.8.3/../../../../pic32mx/lib/libe.a(_fixdfdi.o)
 .debug_line    0x000010bf       0xa5 /opt/microchip/xc32/v2.30/bin/bin/../../lib/gcc/pic32mx/4.8.3/libgcc.a(_floatundidf.o)
 .debug_line    0x00001164       0xf7 /opt/microchip/xc32/v2.30/bin/bin/../../lib/gcc/pic32mx/4.8.3/libgcc.a(_udivdi3.o)
 .debug_line    0x0000125b      0x109 /opt/microchip/xc32/v2.30/bin/bin/../../lib/gcc/pic32mx/4.8.3/libgcc.a(_umoddi3.o)
 .debug_line    0x00001364       0x93 /opt/microchip/xc32/v2.30/bin/bin/../../lib/gcc/pic32mx/4.8.3/libgcc.a(floatunsidf.o)
 .debug_line    0x000013f7       0x88 /opt/microchip/xc32/v2.30/bin/bin/../../lib/gcc/pic32mx/4.8.3/../../../../pic32mx/lib/libpic32.a(write.o)
 .debug_line    0x0000147f       0x8c /opt/microchip/xc32/v2.30/bin/bin/../../lib/gcc/pic32mx/4.8.3/../../../../pic32mx/lib/libpic32.a(_mon_putc.o)
 .debug_line    0x0000150b        0x0 /opt/microchip/xc32/v2.30/bin/bin/../../lib/gcc/pic32mx/4.8.3/../../../../pic32mx/lib/libpic32.a(xc32_uart.o)

.debug_frame    0x00000000      0x6bc
 *(.debug_frame)
 .debug_frame   0x00000000       0xb0 build/default/production/_ext/1360937237/main.o
 .debug_frame   0x000000b0      0x180 build/default/production/_ext/1360937237/ili9341.o
 .debug_frame   0x00000230       0x2c build/default/production/_ext/1360937237/init.o
 .debug_frame   0x0000025c       0xbc build/default/production/_ext/1360937237/adc.o
 .debug_frame   0x00000318       0x40 build/default/production/_ext/1360937237/uart.o
 .debug_frame   0x00000358       0x30 /opt/microchip/xc32/v2.30/bin/bin/../../lib/gcc/pic32mx/4.8.3/libgcc.a(floatunsisf.o)
 .debug_frame   0x00000388       0x2c /opt/microchip/xc32/v2.30/bin/bin/../../lib/gcc/pic32mx/4.8.3/../../../../pic32mx/lib/libpic32.a(default-bootstrap-exception-handler.o)
 .debug_frame   0x000003b4       0x20 /opt/microchip/xc32/v2.30/bin/bin/../../lib/gcc/pic32mx/4.8.3/../../../../pic32mx/lib/libpic32.a(default-on-reset.o)
 .debug_frame   0x000003d4       0x20 /opt/microchip/xc32/v2.30/bin/bin/../../lib/gcc/pic32mx/4.8.3/../../../../pic32mx/lib/libpic32.a(default-on-bootstrap.o)
 .debug_frame   0x000003f4       0x2c /opt/microchip/xc32/v2.30/bin/bin/../../lib/gcc/pic32mx/4.8.3/../../../../pic32mx/lib/libpic32.a(default-general-exception-handler.o)
 .debug_frame   0x00000420       0x20 /opt/microchip/xc32/v2.30/bin/bin/../../lib/gcc/pic32mx/4.8.3/../../../../pic32mx/lib/libpic32.a(defaultinterrupt.o)
 .debug_frame   0x00000440       0x2c /opt/microchip/xc32/v2.30/bin/bin/../../lib/gcc/pic32mx/4.8.3/../../../../pic32mx/lib/libc.a(sprintf_cdfFnopsuxX.eo)
 .debug_frame   0x0000046c       0x70 /opt/microchip/xc32/v2.30/bin/bin/../../lib/gcc/pic32mx/4.8.3/../../../../pic32mx/lib/libc.a(doprnt_cdfFnopsuxX.eo)
 .debug_frame   0x000004dc       0x30 /opt/microchip/xc32/v2.30/bin/bin/../../lib/gcc/pic32mx/4.8.3/../../../../pic32mx/lib/libc.a(_fputc_simple.o)
 .debug_frame   0x0000050c       0x38 /opt/microchip/xc32/v2.30/bin/bin/../../lib/gcc/pic32mx/4.8.3/../../../../pic32mx/lib/libc.a(_flsbuf_simple.o)
 .debug_frame   0x00000544       0x34 /opt/microchip/xc32/v2.30/bin/bin/../../lib/gcc/pic32mx/4.8.3/../../../../pic32mx/lib/libe.a(_fixunsdfdi.o)
 .debug_frame   0x00000578       0x20 /opt/microchip/xc32/v2.30/bin/bin/../../lib/gcc/pic32mx/4.8.3/../../../../pic32mx/lib/libe.a(_orderdf2.o)
 .debug_frame   0x00000598       0x20 /opt/microchip/xc32/v2.30/bin/bin/../../lib/gcc/pic32mx/4.8.3/../../../../pic32mx/lib/libe.a(_fixdfdi.o)
 .debug_frame   0x000005b8       0x2c /opt/microchip/xc32/v2.30/bin/bin/../../lib/gcc/pic32mx/4.8.3/libgcc.a(_floatundidf.o)
 .debug_frame   0x000005e4       0x20 /opt/microchip/xc32/v2.30/bin/bin/../../lib/gcc/pic32mx/4.8.3/libgcc.a(_udivdi3.o)
 .debug_frame   0x00000604       0x20 /opt/microchip/xc32/v2.30/bin/bin/../../lib/gcc/pic32mx/4.8.3/libgcc.a(_umoddi3.o)
 .debug_frame   0x00000624       0x2c /opt/microchip/xc32/v2.30/bin/bin/../../lib/gcc/pic32mx/4.8.3/libgcc.a(floatunsidf.o)
 .debug_frame   0x00000650       0x38 /opt/microchip/xc32/v2.30/bin/bin/../../lib/gcc/pic32mx/4.8.3/../../../../pic32mx/lib/libpic32.a(write.o)
 .debug_frame   0x00000688       0x34 /opt/microchip/xc32/v2.30/bin/bin/../../lib/gcc/pic32mx/4.8.3/../../../../pic32mx/lib/libpic32.a(_mon_putc.o)

.debug_str      0x00000000        0x9
 *(.debug_str)
 .debug_str     0x00000000        0x9 build/default/production/_ext/1360937237/main.o
 .debug_str     0x00000009        0x0 build/default/production/_ext/1360937237/ili9341.o
 .debug_str     0x00000009        0x0 build/default/production/_ext/1360937237/init.o
 .debug_str     0x00000009        0x0 build/default/production/_ext/1360937237/adc.o
 .debug_str     0x00000009        0x0 build/default/production/_ext/1360937237/uart.o
 .debug_str     0x00000009        0x0 /opt/microchip/xc32/v2.30/bin/bin/../../lib/gcc/pic32mx/4.8.3/libgcc.a(floatunsisf.o)
 .debug_str     0x00000009        0x0 /opt/microchip/xc32/v2.30/bin/bin/../../lib/gcc/pic32mx/4.8.3/../../../../pic32mx/lib/libpic32.a(default-bootstrap-exception-handler.o)
 .debug_str     0x00000009        0x0 /opt/microchip/xc32/v2.30/bin/bin/../../lib/gcc/pic32mx/4.8.3/../../../../pic32mx/lib/libpic32.a(default-on-reset.o)
 .debug_str     0x00000009        0x0 /opt/microchip/xc32/v2.30/bin/bin/../../lib/gcc/pic32mx/4.8.3/../../../../pic32mx/lib/libpic32.a(default-on-bootstrap.o)
 .debug_str     0x00000009        0x0 /opt/microchip/xc32/v2.30/bin/bin/../../lib/gcc/pic32mx/4.8.3/../../../../pic32mx/lib/libpic32.a(default-general-exception-handler.o)
 .debug_str     0x00000009        0x0 /opt/microchip/xc32/v2.30/bin/bin/../../lib/gcc/pic32mx/4.8.3/../../../../pic32mx/lib/libpic32.a(defaultinterrupt.o)
 .debug_str     0x00000009        0x0 /opt/microchip/xc32/v2.30/bin/bin/../../lib/gcc/pic32mx/4.8.3/../../../../pic32mx/lib/libc.a(sprintf_cdfFnopsuxX.eo)
 .debug_str     0x00000009        0x0 /opt/microchip/xc32/v2.30/bin/bin/../../lib/gcc/pic32mx/4.8.3/../../../../pic32mx/lib/libc.a(doprnt_cdfFnopsuxX.eo)
 .debug_str     0x00000009        0x0 /opt/microchip/xc32/v2.30/bin/bin/../../lib/gcc/pic32mx/4.8.3/../../../../pic32mx/lib/libc.a(_fputc_simple.o)
 .debug_str     0x00000009        0x0 /opt/microchip/xc32/v2.30/bin/bin/../../lib/gcc/pic32mx/4.8.3/../../../../pic32mx/lib/libc.a(ctype.o)
 .debug_str     0x00000009        0x0 /opt/microchip/xc32/v2.30/bin/bin/../../lib/gcc/pic32mx/4.8.3/../../../../pic32mx/lib/libc.a(ldpowers.o)
 .debug_str     0x00000009        0x0 /opt/microchip/xc32/v2.30/bin/bin/../../lib/gcc/pic32mx/4.8.3/../../../../pic32mx/lib/libc.a(_iob.o)
 .debug_str     0x00000009        0x0 /opt/microchip/xc32/v2.30/bin/bin/../../lib/gcc/pic32mx/4.8.3/../../../../pic32mx/lib/libc.a(_flsbuf_simple.o)
 .debug_str     0x00000009        0x0 /opt/microchip/xc32/v2.30/bin/bin/../../lib/gcc/pic32mx/4.8.3/../../../../pic32mx/lib/libe.a(_fixunsdfdi.o)
 .debug_str     0x00000009        0x0 /opt/microchip/xc32/v2.30/bin/bin/../../lib/gcc/pic32mx/4.8.3/../../../../pic32mx/lib/libe.a(_orderdf2.o)
 .debug_str     0x00000009        0x0 /opt/microchip/xc32/v2.30/bin/bin/../../lib/gcc/pic32mx/4.8.3/../../../../pic32mx/lib/libe.a(_fixdfdi.o)
 .debug_str     0x00000009        0x0 /opt/microchip/xc32/v2.30/bin/bin/../../lib/gcc/pic32mx/4.8.3/libgcc.a(_floatundidf.o)
 .debug_str     0x00000009        0x0 /opt/microchip/xc32/v2.30/bin/bin/../../lib/gcc/pic32mx/4.8.3/libgcc.a(_udivdi3.o)
 .debug_str     0x00000009        0x0 /opt/microchip/xc32/v2.30/bin/bin/../../lib/gcc/pic32mx/4.8.3/libgcc.a(_umoddi3.o)
 .debug_str     0x00000009        0x0 /opt/microchip/xc32/v2.30/bin/bin/../../lib/gcc/pic32mx/4.8.3/libgcc.a(floatunsidf.o)
 .debug_str     0x00000009        0x0 /opt/microchip/xc32/v2.30/bin/bin/../../lib/gcc/pic32mx/4.8.3/../../../../pic32mx/lib/libpic32.a(write.o)
 .debug_str     0x00000009        0x0 /opt/microchip/xc32/v2.30/bin/bin/../../lib/gcc/pic32mx/4.8.3/../../../../pic32mx/lib/libpic32.a(_mon_putc.o)
 .debug_str     0x00000009        0x0 /opt/microchip/xc32/v2.30/bin/bin/../../lib/gcc/pic32mx/4.8.3/../../../../pic32mx/lib/libpic32.a(xc32_uart.o)

.debug_loc      0x00000000     0x22c3
 *(.debug_loc)
 .debug_loc     0x00000000      0x333 build/default/production/_ext/1360937237/main.o
 .debug_loc     0x00000333      0x65e build/default/production/_ext/1360937237/ili9341.o
 .debug_loc     0x00000991      0x190 build/default/production/_ext/1360937237/adc.o
 .debug_loc     0x00000b21       0xea build/default/production/_ext/1360937237/uart.o
 .debug_loc     0x00000c0b       0x74 /opt/microchip/xc32/v2.30/bin/bin/../../lib/gcc/pic32mx/4.8.3/libgcc.a(floatunsisf.o)
 .debug_loc     0x00000c7f       0x2c /opt/microchip/xc32/v2.30/bin/bin/../../lib/gcc/pic32mx/4.8.3/../../../../pic32mx/lib/libpic32.a(default-bootstrap-exception-handler.o)
 .debug_loc     0x00000cab       0x2c /opt/microchip/xc32/v2.30/bin/bin/../../lib/gcc/pic32mx/4.8.3/../../../../pic32mx/lib/libpic32.a(default-general-exception-handler.o)
 .debug_loc     0x00000cd7       0x2c /opt/microchip/xc32/v2.30/bin/bin/../../lib/gcc/pic32mx/4.8.3/../../../../pic32mx/lib/libe.a(_fixunsdfdi.o)
 .debug_loc     0x00000d03       0x41 /opt/microchip/xc32/v2.30/bin/bin/../../lib/gcc/pic32mx/4.8.3/libgcc.a(_floatundidf.o)
 .debug_loc     0x00000d44      0xa6a /opt/microchip/xc32/v2.30/bin/bin/../../lib/gcc/pic32mx/4.8.3/libgcc.a(_udivdi3.o)
 .debug_loc     0x000017ae      0xa3d /opt/microchip/xc32/v2.30/bin/bin/../../lib/gcc/pic32mx/4.8.3/libgcc.a(_umoddi3.o)
 .debug_loc     0x000021eb       0x80 /opt/microchip/xc32/v2.30/bin/bin/../../lib/gcc/pic32mx/4.8.3/libgcc.a(floatunsidf.o)
 .debug_loc     0x0000226b       0x38 /opt/microchip/xc32/v2.30/bin/bin/../../lib/gcc/pic32mx/4.8.3/../../../../pic32mx/lib/libpic32.a(write.o)
 .debug_loc     0x000022a3       0x20 /opt/microchip/xc32/v2.30/bin/bin/../../lib/gcc/pic32mx/4.8.3/../../../../pic32mx/lib/libpic32.a(_mon_putc.o)

.debug_macinfo
 *(.debug_macinfo)

.debug_weaknames
 *(.debug_weaknames)

.debug_funcnames
 *(.debug_funcnames)

.debug_typenames
 *(.debug_typenames)

.debug_varnames
 *(.debug_varnames)

.debug_pubtypes
 *(.debug_pubtypes)

.debug_ranges   0x00000000      0x368
 *(.debug_ranges)
 .debug_ranges  0x00000000       0x30 build/default/production/_ext/1360937237/main.o
 .debug_ranges  0x00000030       0x68 build/default/production/_ext/1360937237/ili9341.o
 .debug_ranges  0x00000098       0x10 build/default/production/_ext/1360937237/init.o
 .debug_ranges  0x000000a8       0x48 build/default/production/_ext/1360937237/adc.o
 .debug_ranges  0x000000f0       0x20 build/default/production/_ext/1360937237/uart.o
 .debug_ranges  0x00000110       0x10 /opt/microchip/xc32/v2.30/bin/bin/../../lib/gcc/pic32mx/4.8.3/../../../../pic32mx/lib/libpic32.a(default-bootstrap-exception-handler.o)
 .debug_ranges  0x00000120       0x10 /opt/microchip/xc32/v2.30/bin/bin/../../lib/gcc/pic32mx/4.8.3/../../../../pic32mx/lib/libpic32.a(default-on-reset.o)
 .debug_ranges  0x00000130       0x10 /opt/microchip/xc32/v2.30/bin/bin/../../lib/gcc/pic32mx/4.8.3/../../../../pic32mx/lib/libpic32.a(default-on-bootstrap.o)
 .debug_ranges  0x00000140       0x10 /opt/microchip/xc32/v2.30/bin/bin/../../lib/gcc/pic32mx/4.8.3/../../../../pic32mx/lib/libpic32.a(default-general-exception-handler.o)
 .debug_ranges  0x00000150       0x10 /opt/microchip/xc32/v2.30/bin/bin/../../lib/gcc/pic32mx/4.8.3/../../../../pic32mx/lib/libpic32.a(defaultinterrupt.o)
 .debug_ranges  0x00000160       0x10 /opt/microchip/xc32/v2.30/bin/bin/../../lib/gcc/pic32mx/4.8.3/../../../../pic32mx/lib/libc.a(sprintf_cdfFnopsuxX.eo)
 .debug_ranges  0x00000170       0x18 /opt/microchip/xc32/v2.30/bin/bin/../../lib/gcc/pic32mx/4.8.3/../../../../pic32mx/lib/libc.a(doprnt_cdfFnopsuxX.eo)
 .debug_ranges  0x00000188       0x10 /opt/microchip/xc32/v2.30/bin/bin/../../lib/gcc/pic32mx/4.8.3/../../../../pic32mx/lib/libc.a(_fputc_simple.o)
 .debug_ranges  0x00000198       0x10 /opt/microchip/xc32/v2.30/bin/bin/../../lib/gcc/pic32mx/4.8.3/../../../../pic32mx/lib/libc.a(_flsbuf_simple.o)
 .debug_ranges  0x000001a8       0x10 /opt/microchip/xc32/v2.30/bin/bin/../../lib/gcc/pic32mx/4.8.3/../../../../pic32mx/lib/libe.a(_fixunsdfdi.o)
 .debug_ranges  0x000001b8       0x10 /opt/microchip/xc32/v2.30/bin/bin/../../lib/gcc/pic32mx/4.8.3/../../../../pic32mx/lib/libe.a(_orderdf2.o)
 .debug_ranges  0x000001c8       0x10 /opt/microchip/xc32/v2.30/bin/bin/../../lib/gcc/pic32mx/4.8.3/../../../../pic32mx/lib/libe.a(_fixdfdi.o)
 .debug_ranges  0x000001d8       0x98 /opt/microchip/xc32/v2.30/bin/bin/../../lib/gcc/pic32mx/4.8.3/libgcc.a(_udivdi3.o)
 .debug_ranges  0x00000270       0xd8 /opt/microchip/xc32/v2.30/bin/bin/../../lib/gcc/pic32mx/4.8.3/libgcc.a(_umoddi3.o)
 .debug_ranges  0x00000348       0x10 /opt/microchip/xc32/v2.30/bin/bin/../../lib/gcc/pic32mx/4.8.3/../../../../pic32mx/lib/libpic32.a(write.o)
 .debug_ranges  0x00000358       0x10 /opt/microchip/xc32/v2.30/bin/bin/../../lib/gcc/pic32mx/4.8.3/../../../../pic32mx/lib/libpic32.a(_mon_putc.o)

.gnu.attributes
                0x00000000       0x10
 *(.gnu.attributes)
 .gnu.attributes
                0x00000000       0x10 build/default/production/_ext/1360937237/main.o
 .gnu.attributes
                0x00000010       0x10 build/default/production/_ext/1360937237/ili9341.o
 .gnu.attributes
                0x00000020       0x10 build/default/production/_ext/1360937237/init.o
 .gnu.attributes
                0x00000030       0x10 build/default/production/_ext/1360937237/adc.o
 .gnu.attributes
                0x00000040       0x10 build/default/production/_ext/1360937237/uart.o
 .gnu.attributes
                0x00000050       0x10 /opt/microchip/xc32/v2.30/bin/bin/../../lib/gcc/pic32mx/4.8.3/libgcc.a(floatunsisf.o)
 .gnu.attributes
                0x00000060       0x10 /opt/microchip/xc32/v2.30/bin/bin/../../lib/gcc/pic32mx/4.8.3/../../../../pic32mx/lib/libpic32.a(default-bootstrap-exception-handler.o)
 .gnu.attributes
                0x00000070       0x10 /opt/microchip/xc32/v2.30/bin/bin/../../lib/gcc/pic32mx/4.8.3/../../../../pic32mx/lib/libpic32.a(default-on-reset.o)
 .gnu.attributes
                0x00000080       0x10 /opt/microchip/xc32/v2.30/bin/bin/../../lib/gcc/pic32mx/4.8.3/../../../../pic32mx/lib/libpic32.a(default-on-bootstrap.o)
 .gnu.attributes
                0x00000090       0x10 /opt/microchip/xc32/v2.30/bin/bin/../../lib/gcc/pic32mx/4.8.3/../../../../pic32mx/lib/libpic32.a(default-general-exception-handler.o)
 .gnu.attributes
                0x000000a0       0x10 /opt/microchip/xc32/v2.30/bin/bin/../../lib/gcc/pic32mx/4.8.3/../../../../pic32mx/lib/libpic32.a(defaultinterrupt.o)
 .gnu.attributes
                0x000000b0       0x10 /opt/microchip/xc32/v2.30/bin/bin/../../lib/gcc/pic32mx/4.8.3/../../../../pic32mx/lib/libc.a(sprintf_cdfFnopsuxX.eo)
 .gnu.attributes
                0x000000c0       0x10 /opt/microchip/xc32/v2.30/bin/bin/../../lib/gcc/pic32mx/4.8.3/../../../../pic32mx/lib/libc.a(doprnt_cdfFnopsuxX.eo)
 .gnu.attributes
                0x000000d0       0x10 /opt/microchip/xc32/v2.30/bin/bin/../../lib/gcc/pic32mx/4.8.3/../../../../pic32mx/lib/libc.a(_fputc_simple.o)
 .gnu.attributes
                0x000000e0       0x10 /opt/microchip/xc32/v2.30/bin/bin/../../lib/gcc/pic32mx/4.8.3/../../../../pic32mx/lib/libc.a(ctype.o)
 .gnu.attributes
                0x000000f0       0x10 /opt/microchip/xc32/v2.30/bin/bin/../../lib/gcc/pic32mx/4.8.3/../../../../pic32mx/lib/libc.a(ldpowers.o)
 .gnu.attributes
                0x00000100       0x10 /opt/microchip/xc32/v2.30/bin/bin/../../lib/gcc/pic32mx/4.8.3/../../../../pic32mx/lib/libc.a(_iob.o)
 .gnu.attributes
                0x00000110       0x10 /opt/microchip/xc32/v2.30/bin/bin/../../lib/gcc/pic32mx/4.8.3/../../../../pic32mx/lib/libc.a(_flsbuf_simple.o)
 .gnu.attributes
                0x00000120       0x10 /opt/microchip/xc32/v2.30/bin/bin/../../lib/gcc/pic32mx/4.8.3/../../../../pic32mx/lib/libe.a(_fixunsdfdi.o)
 .gnu.attributes
                0x00000130       0x10 /opt/microchip/xc32/v2.30/bin/bin/../../lib/gcc/pic32mx/4.8.3/../../../../pic32mx/lib/libe.a(_orderdf2.o)
 .gnu.attributes
                0x00000140       0x10 /opt/microchip/xc32/v2.30/bin/bin/../../lib/gcc/pic32mx/4.8.3/../../../../pic32mx/lib/libe.a(_fixdfdi.o)
 .gnu.attributes
                0x00000150       0x10 /opt/microchip/xc32/v2.30/bin/bin/../../lib/gcc/pic32mx/4.8.3/libgcc.a(_floatundidf.o)
 .gnu.attributes
                0x00000160       0x10 /opt/microchip/xc32/v2.30/bin/bin/../../lib/gcc/pic32mx/4.8.3/libgcc.a(_udivdi3.o)
 .gnu.attributes
                0x00000170       0x10 /opt/microchip/xc32/v2.30/bin/bin/../../lib/gcc/pic32mx/4.8.3/libgcc.a(_umoddi3.o)
 .gnu.attributes
                0x00000180       0x10 /opt/microchip/xc32/v2.30/bin/bin/../../lib/gcc/pic32mx/4.8.3/libgcc.a(floatunsidf.o)
 .gnu.attributes
                0x00000190       0x10 /opt/microchip/xc32/v2.30/bin/bin/../../lib/gcc/pic32mx/4.8.3/../../../../pic32mx/lib/libpic32.a(write.o)
 .gnu.attributes
                0x000001a0       0x10 /opt/microchip/xc32/v2.30/bin/bin/../../lib/gcc/pic32mx/4.8.3/../../../../pic32mx/lib/libpic32.a(_mon_putc.o)
 .gnu.attributes
                0x000001b0       0x10 /opt/microchip/xc32/v2.30/bin/bin/../../lib/gcc/pic32mx/4.8.3/../../../../pic32mx/lib/libpic32.a(xc32_uart.o)
LOAD /opt/microchip/xc32/v2.30/bin/bin/../../lib/gcc/pic32mx/4.8.3/libgcc.a
START GROUP
LOAD /opt/microchip/xc32/v2.30/bin/bin/../../lib/gcc/pic32mx/4.8.3/../../../../pic32mx/lib/libpic32.a
LOAD /opt/microchip/xc32/v2.30/bin/bin/../../lib/gcc/pic32mx/4.8.3/../../../../pic32mx/lib/libdebug.a
LOAD /opt/microchip/xc32/v2.30/bin/bin/../../lib/gcc/pic32mx/4.8.3/../../../../pic32mx/lib/libpic32.a
LOAD /opt/microchip/xc32/v2.30/bin/bin/../../lib/gcc/pic32mx/4.8.3/../../../../pic32mx/lib/libc.a
LOAD /opt/microchip/xc32/v2.30/bin/bin/../../lib/gcc/pic32mx/4.8.3/../../../../pic32mx/lib/libc.a
LOAD /opt/microchip/xc32/v2.30/bin/bin/../../lib/gcc/pic32mx/4.8.3/../../../../pic32mx/lib/libm.a
LOAD /opt/microchip/xc32/v2.30/bin/bin/../../lib/gcc/pic32mx/4.8.3/../../../../pic32mx/lib/libe.a
LOAD /opt/microchip/xc32/v2.30/bin/bin/../../lib/gcc/pic32mx/4.8.3/../../../../pic32mx/lib/libdsp.a
LOAD /opt/microchip/xc32/v2.30/bin/bin/../../lib/gcc/pic32mx/4.8.3/libgcc.a
LOAD /opt/microchip/xc32/v2.30/bin/bin/../../lib/gcc/pic32mx/4.8.3/../../../../pic32mx/lib/libpic32.a
END GROUP
LOAD /opt/microchip/xc32/v2.30/bin/bin/../../lib/gcc/pic32mx/4.8.3/libgcc.a
OUTPUT(dist/default/production/mri_pneumatic_actuator_2.X.production.elf elf32-tradlittlemips)
LOAD stack
LOAD data_init

.reginfo        0x00000000       0x18
 .reginfo       0x00000000       0x18 /opt/microchip/xc32/v2.30/bin/bin/../../lib/gcc/pic32mx/4.8.3/../../../../pic32mx/lib/debug-exception-return.o

.stack          0xa0000078      0x400
 .stack         0xa0000078      0x400 stack

.bss            0xa0000004       0x44
 .bss           0xa0000004       0x44 /opt/microchip/xc32/v2.30/bin/bin/../../lib/gcc/pic32mx/4.8.3/../../../../pic32mx/lib/libc.a(_iob.o)
                0xa0000004                _sobuf
                0xa0000024                _sibuf
                0xa0000044                _outdone

._debug_exception
                0xbfc00480       0x2c
 ._debug_exception
                0xbfc00480       0x2c /opt/microchip/xc32/v2.30/bin/bin/../../lib/gcc/pic32mx/4.8.3/../../../../pic32mx/lib/debug-exception-return.o
                0xbfc00480                __DbgExecReturn

.text._vfprintf_cdfFnopsuxX
                0x9d000000     0x1554
 .text._vfprintf_cdfFnopsuxX
                0x9d000000     0x1554 /opt/microchip/xc32/v2.30/bin/bin/../../lib/gcc/pic32mx/4.8.3/../../../../pic32mx/lib/libc.a(doprnt_cdfFnopsuxX.eo)
                0x9d000000                _vfprintf_cdfFnopsuxX

.text.LCD_init  0x9d001554      0x63c
 .text.LCD_init
                0x9d001554      0x63c build/default/production/_ext/1360937237/ili9341.o
                0x9d001554                LCD_init

.text.dp32mul   0x9d001b90      0x4b8
 .text.dp32mul  0x9d001b90      0x4b8 /opt/microchip/xc32/v2.30/bin/bin/../../lib/gcc/pic32mx/4.8.3/../../../../pic32mx/lib/libm.a(dp32div.o)
                0x9d001b90                dpdiv
                0x9d001b90                __divdf3

.text           0x9d002048      0x8bc
 .text          0x9d002048      0x464 /opt/microchip/xc32/v2.30/bin/bin/../../lib/gcc/pic32mx/4.8.3/libgcc.a(_umoddi3.o)
                0x9d002048                __umoddi3
 .text          0x9d0024ac      0x458 /opt/microchip/xc32/v2.30/bin/bin/../../lib/gcc/pic32mx/4.8.3/libgcc.a(_udivdi3.o)
                0x9d0024ac                __udivdi3

.text.dp32subadd
                0x9d002904      0x430
 .text.dp32subadd
                0x9d002904      0x430 /opt/microchip/xc32/v2.30/bin/bin/../../lib/gcc/pic32mx/4.8.3/../../../../pic32mx/lib/libm.a(dp32subadd.o)
                0x9d002904                dpsub
                0x9d002904                __subdf3
                0x9d00290c                __adddf3
                0x9d00290c                dpadd

.text.main      0x9d002d34      0x3f0
 .text.main     0x9d002d34      0x3f0 build/default/production/_ext/1360937237/main.o
                0x9d002d34                main

.text.dp32mul   0x9d003124      0x32c
 .text.dp32mul  0x9d003124      0x32c /opt/microchip/xc32/v2.30/bin/bin/../../lib/gcc/pic32mx/4.8.3/../../../../pic32mx/lib/libm.a(dp32mul.o)
                0x9d003124                dpmul
                0x9d003124                __muldf3

.text.fpsubadd  0x9d003450      0x278
 .text.fpsubadd
                0x9d003450      0x278 /opt/microchip/xc32/v2.30/bin/bin/../../lib/gcc/pic32mx/4.8.3/../../../../pic32mx/lib/libm.a(fp32subadd.o)
                0x9d003450                __subsf3
                0x9d003450                fpsub
                0x9d003458                fpadd
                0x9d003458                __addsf3

.text.scale     0x9d0036c8      0x23c
 .text.scale    0x9d0036c8      0x23c /opt/microchip/xc32/v2.30/bin/bin/../../lib/gcc/pic32mx/4.8.3/../../../../pic32mx/lib/libc.a(doprnt_cdfFnopsuxX.eo)

.text.fp32div   0x9d003904      0x230
 .text.fp32div  0x9d003904      0x230 /opt/microchip/xc32/v2.30/bin/bin/../../lib/gcc/pic32mx/4.8.3/../../../../pic32mx/lib/libm.a(fp32div.o)
                0x9d003904                __divsf3
                0x9d003904                fpdiv

.rodata         0x9d003b34      0x1e0
 .rodata        0x9d003b34      0x1e0 build/default/production/_ext/1360937237/ili9341.o

.text.fp32mul   0x9d003d14      0x1bc
 .text.fp32mul  0x9d003d14      0x1bc /opt/microchip/xc32/v2.30/bin/bin/../../lib/gcc/pic32mx/4.8.3/../../../../pic32mx/lib/libm.a(fp32mul.o)
                0x9d003d14                __mulsf3
                0x9d003d14                fpmul

.rodata         0x9d003ed0      0x2b0
 .rodata        0x9d003ed0      0x160 /opt/microchip/xc32/v2.30/bin/bin/../../lib/gcc/pic32mx/4.8.3/../../../../pic32mx/lib/libc.a(ldpowers.o)
                0x9d003ed0                _npowers_
                0x9d003f80                _powers_
 .rodata        0x9d004030      0x150 build/default/production/_ext/1360937237/main.o

.text.fputc     0x9d004180      0x144
 .text.fputc    0x9d004180      0x144 /opt/microchip/xc32/v2.30/bin/bin/../../lib/gcc/pic32mx/4.8.3/../../../../pic32mx/lib/libc.a(_fputc_simple.o)
                0x9d004180                fputc

.text._flsbuf   0x9d0042c4      0x12c
 .text._flsbuf  0x9d0042c4      0x12c /opt/microchip/xc32/v2.30/bin/bin/../../lib/gcc/pic32mx/4.8.3/../../../../pic32mx/lib/libc.a(_flsbuf_simple.o)
                0x9d0042c4                _flsbuf

.text.dpcmp     0x9d0043f0      0x12c
 .text.dpcmp    0x9d0043f0      0x12c /opt/microchip/xc32/v2.30/bin/bin/../../lib/gcc/pic32mx/4.8.3/../../../../pic32mx/lib/libm.a(dpcmp.o)
                0x9d0043f0                __eqdf2
                0x9d0043f0                __gtdf2
                0x9d0043f0                __ltdf2
                0x9d0043f0                dpcmp
                0x9d0043f0                __ledf2
                0x9d0043f0                __nedf2
                0x9d0043f0                __gedf2

.text.ui        0x9d00451c      0x110
 .text.ui       0x9d00451c      0x110 build/default/production/_ext/1360937237/main.o
                0x9d00451c                ui

.rodata         0x9d00462c      0x1f4
 .rodata        0x9d00462c      0x104 /opt/microchip/xc32/v2.30/bin/bin/../../lib/gcc/pic32mx/4.8.3/../../../../pic32mx/lib/libc.a(ctype.o)
                0x9d00462c                _ctype
 .rodata        0x9d004730       0xf0 /opt/microchip/xc32/v2.30/bin/bin/../../lib/gcc/pic32mx/4.8.3/../../../../pic32mx/lib/libc.a(doprnt_cdfFnopsuxX.eo)

.text.__fixdfdi
                0x9d004820       0xe8
 .text.__fixdfdi
                0x9d004820       0xe8 /opt/microchip/xc32/v2.30/bin/bin/../../lib/gcc/pic32mx/4.8.3/../../../../pic32mx/lib/libe.a(_fixdfdi.o)
                0x9d004820                __fixdfdi

.text.print_char
                0x9d004908       0xe4
 .text.print_char
                0x9d004908       0xe4 build/default/production/_ext/1360937237/ili9341.o
                0x9d004908                print_char

.text.print_header
                0x9d0049ec       0xe4
 .text.print_header
                0x9d0049ec       0xe4 build/default/production/_ext/1360937237/ili9341.o
                0x9d0049ec                print_header

.text.general_exception
                0x9d004ad0       0xdc
 .text.general_exception
                0x9d004ad0       0xdc /opt/microchip/xc32/v2.30/bin/bin/../../lib/gcc/pic32mx/4.8.3/../../../../pic32mx/lib/libpic32.a(general-exception.o)
                0x9d004ad0                _general_exception_context

.text._mon_putc
                0x9d004bac       0xd4
 .text._mon_putc
                0x9d004bac       0xd4 /opt/microchip/xc32/v2.30/bin/bin/../../lib/gcc/pic32mx/4.8.3/../../../../pic32mx/lib/libpic32.a(_mon_putc.o)
                0x9d004bac                _mon_putc

.text.SPI1_init
                0x9d004c80       0xbc
 .text.SPI1_init
                0x9d004c80       0xbc build/default/production/_ext/1360937237/ili9341.o
                0x9d004c80                SPI1_init

.text.fptodp    0x9d004d3c       0xac
 .text.fptodp   0x9d004d3c       0xac /opt/microchip/xc32/v2.30/bin/bin/../../lib/gcc/pic32mx/4.8.3/../../../../pic32mx/lib/libm.a(fptodp.o)
                0x9d004d3c                __extendsfdf2
                0x9d004d3c                fptodp

.text.libm      0x9d004de8       0xa8
 .text.libm     0x9d004de8       0xa8 /opt/microchip/xc32/v2.30/bin/bin/../../lib/gcc/pic32mx/4.8.3/../../../../pic32mx/lib/libm.a(dpfrexp.o)
                0x9d004de8                frexpl
                0x9d004de8                dpfrexp
                0x9d004de8                frexp

.text.write     0x9d004e90       0x9c
 .text.write    0x9d004e90       0x9c /opt/microchip/xc32/v2.30/bin/bin/../../lib/gcc/pic32mx/4.8.3/../../../../pic32mx/lib/libpic32.a(write.o)
                0x9d004e90                write

.text.init_pic  0x9d004f2c       0x98
 .text.init_pic
                0x9d004f2c       0x98 build/default/production/_ext/1360937237/init.o
                0x9d004f2c                init_pic

.text.initUART  0x9d004fc4       0x90
 .text.initUART
                0x9d004fc4       0x90 build/default/production/_ext/1360937237/uart.o
                0x9d004fc4                initUART

.text.LCD_setAddr
                0x9d005054       0x8c
 .text.LCD_setAddr
                0x9d005054       0x8c build/default/production/_ext/1360937237/ili9341.o
                0x9d005054                LCD_setAddr

.text.__orderdf2
                0x9d0050e0       0x8c
 .text.__orderdf2
                0x9d0050e0       0x8c /opt/microchip/xc32/v2.30/bin/bin/../../lib/gcc/pic32mx/4.8.3/../../../../pic32mx/lib/libe.a(_orderdf2.o)
                0x9d0050e0                __orderdf2

.text           0x9d00516c       0x84
 .text          0x9d00516c       0x84 /opt/microchip/xc32/v2.30/bin/bin/../../lib/gcc/pic32mx/4.8.3/../../../../pic32mx/lib/libpic32.a(pic32_data_init.o)
                0x9d00516c                __pic32_data_init

.text.__fixunsdfdi
                0x9d0051f0       0x80
 .text.__fixunsdfdi
                0x9d0051f0       0x80 /opt/microchip/xc32/v2.30/bin/bin/../../lib/gcc/pic32mx/4.8.3/../../../../pic32mx/lib/libe.a(_fixunsdfdi.o)
                0x9d0051f0                __fixunsdfdi

.text.LCD_clearScreen
                0x9d005270       0x78
 .text.LCD_clearScreen
                0x9d005270       0x78 build/default/production/_ext/1360937237/ili9341.o
                0x9d005270                LCD_clearScreen

.text.litodp    0x9d0052e8       0x78
 .text.litodp   0x9d0052e8       0x78 /opt/microchip/xc32/v2.30/bin/bin/../../lib/gcc/pic32mx/4.8.3/../../../../pic32mx/lib/libm.a(litodp.o)
                0x9d0052e8                __floatsidf
                0x9d0052e8                litodp

.text.analogRead_auto
                0x9d005360       0x74
 .text.analogRead_auto
                0x9d005360       0x74 build/default/production/_ext/1360937237/adc.o
                0x9d005360                analogRead_auto

.text.transfer_function
                0x9d0053d4       0x6c
 .text.transfer_function
                0x9d0053d4       0x6c build/default/production/_ext/1360937237/main.o
                0x9d0053d4                transfer_function

.text._sprintf_cdfFnopsuxX
                0x9d005440       0x68
 .text._sprintf_cdfFnopsuxX
                0x9d005440       0x68 /opt/microchip/xc32/v2.30/bin/bin/../../lib/gcc/pic32mx/4.8.3/../../../../pic32mx/lib/libc.a(sprintf_cdfFnopsuxX.eo)
                0x9d005440                _sprintf_cdfFnopsuxX

.text.write_screen
                0x9d0054a8       0x64
 .text.write_screen
                0x9d0054a8       0x64 build/default/production/_ext/1360937237/main.o
                0x9d0054a8                write_screen

.text           0x9d00550c       0x64
 .text          0x9d00550c       0x64 /opt/microchip/xc32/v2.30/bin/bin/../../lib/gcc/pic32mx/4.8.3/libgcc.a(_floatundidf.o)
                0x9d00550c                __floatundidf

.text.sitofp    0x9d005570       0x60
 .text.sitofp   0x9d005570       0x60 /opt/microchip/xc32/v2.30/bin/bin/../../lib/gcc/pic32mx/4.8.3/../../../../pic32mx/lib/libm.a(sitofp.o)
                0x9d005570                sitofp
                0x9d005570                __floatsisf
                0x9d005570                litofp

.text.LCD_drawPixel
                0x9d0055d0       0x5c
 .text.LCD_drawPixel
                0x9d0055d0       0x5c build/default/production/_ext/1360937237/ili9341.o
                0x9d0055d0                LCD_drawPixel

.text.main_entry
                0x9d00562c       0x54
 .text.main_entry
                0x9d00562c       0x54 /tmp/ccvZnTtt.o
                0x9d005660                __crt0_exit

.text.adcConfigureAutoScan
                0x9d005680       0x50
 .text.adcConfigureAutoScan
                0x9d005680       0x50 build/default/production/_ext/1360937237/adc.o
                0x9d005680                adcConfigureAutoScan

.text           0x9d0056d0       0x4c
 .text          0x9d0056d0       0x4c /opt/microchip/xc32/v2.30/bin/bin/../../lib/gcc/pic32mx/4.8.3/libgcc.a(floatunsisf.o)
                0x9d0056d0                __floatunsisf

.text._bootstrap_exception_handler
                0x9d00571c       0x48
 .text._bootstrap_exception_handler
                0x9d00571c       0x48 /opt/microchip/xc32/v2.30/bin/bin/../../lib/gcc/pic32mx/4.8.3/../../../../pic32mx/lib/libpic32.a(default-bootstrap-exception-handler.o)
                0x9d00571c                _bootstrap_exception_handler

.text._general_exception_handler
                0x9d005764       0x48
 .text._general_exception_handler
                0x9d005764       0x48 /opt/microchip/xc32/v2.30/bin/bin/../../lib/gcc/pic32mx/4.8.3/../../../../pic32mx/lib/libpic32.a(default-general-exception-handler.o)
                0x9d005764                _general_exception_handler

.vector_default
                0x9d0057ac       0x48
 .vector_default
                0x9d0057ac       0x48 /opt/microchip/xc32/v2.30/bin/bin/../../lib/gcc/pic32mx/4.8.3/../../../../pic32mx/lib/libpic32.a(defaultinterrupt.o)
                0x9d0057ac                _DefaultInterrupt

.text.LCD_command
                0x9d0057f4       0x44
 .text.LCD_command
                0x9d0057f4       0x44 build/default/production/_ext/1360937237/ili9341.o
                0x9d0057f4                LCD_command

.text           0x9d005838       0x88
 .text          0x9d005838       0x44 /opt/microchip/xc32/v2.30/bin/bin/../../lib/gcc/pic32mx/4.8.3/../../../../pic32mx/lib/pic32_software_reset.o
                0x9d005838                __pic32_software_reset
 .text          0x9d00587c       0x44 /opt/microchip/xc32/v2.30/bin/bin/../../lib/gcc/pic32mx/4.8.3/libgcc.a(floatunsidf.o)
                0x9d00587c                __floatunsidf

.text.writeUART
                0x9d0058c0       0x3c
 .text.writeUART
                0x9d0058c0       0x3c build/default/production/_ext/1360937237/uart.o
                0x9d0058c0                writeUART

.text.LCD_data16
                0x9d0058fc       0x30
 .text.LCD_data16
                0x9d0058fc       0x30 build/default/production/_ext/1360937237/ili9341.o
                0x9d0058fc                LCD_data16

.text.spi_io    0x9d00592c       0x28
 .text.spi_io   0x9d00592c       0x28 build/default/production/_ext/1360937237/ili9341.o
                0x9d00592c                spi_io

.dinit          0x9d005954       0x20
 .dinit         0x9d005954       0x20 data_init

.text           0x9d005974       0x18
 .text          0x9d005974       0x18 /opt/microchip/xc32/v2.30/bin/bin/../../lib/gcc/pic32mx/4.8.3/../../../../pic32mx/lib/libpic32.a(default-nmi-handler.o)
                0x9d005974                _nmi_handler

.text._on_reset
                0x9d00598c        0x8
 .text._on_reset
                0x9d00598c        0x8 /opt/microchip/xc32/v2.30/bin/bin/../../lib/gcc/pic32mx/4.8.3/../../../../pic32mx/lib/libpic32.a(default-on-reset.o)
                0x9d00598c                _on_reset

.text._on_bootstrap
                0x9d005994        0x8
 .text._on_bootstrap
                0x9d005994        0x8 /opt/microchip/xc32/v2.30/bin/bin/../../lib/gcc/pic32mx/4.8.3/../../../../pic32mx/lib/libpic32.a(default-on-bootstrap.o)
                0x9d005994                _on_bootstrap

.rodata         0x9d0059a0       0x10
 .rodata        0x9d0059a0        0x8 /opt/microchip/xc32/v2.30/bin/bin/../../lib/gcc/pic32mx/4.8.3/libgcc.a(_floatundidf.o)
 .rodata        0x9d0059a8        0x8 /opt/microchip/xc32/v2.30/bin/bin/../../lib/gcc/pic32mx/4.8.3/libgcc.a(floatunsidf.o)
